validate	Set up job	ï»¿2026-02-09T02:14:35.7270911Z Current runner version: '2.331.0'
validate	Set up job	2026-02-09T02:14:35.7294310Z ##[group]Runner Image Provisioner
validate	Set up job	2026-02-09T02:14:35.7295284Z Hosted Compute Agent
validate	Set up job	2026-02-09T02:14:35.7295914Z Version: 20260123.484
validate	Set up job	2026-02-09T02:14:35.7296488Z Commit: 6bd6555ca37d84114959e1c76d2c01448ff61c5d
validate	Set up job	2026-02-09T02:14:35.7297174Z Build Date: 2026-01-23T19:41:17Z
validate	Set up job	2026-02-09T02:14:35.7297811Z Worker ID: {5c49caf6-d99b-475b-ab2e-8931e94515e6}
validate	Set up job	2026-02-09T02:14:35.7298533Z Azure Region: westus
validate	Set up job	2026-02-09T02:14:35.7299028Z ##[endgroup]
validate	Set up job	2026-02-09T02:14:35.7300819Z ##[group]Operating System
validate	Set up job	2026-02-09T02:14:35.7301412Z Ubuntu
validate	Set up job	2026-02-09T02:14:35.7301865Z 24.04.3
validate	Set up job	2026-02-09T02:14:35.7302369Z LTS
validate	Set up job	2026-02-09T02:14:35.7302839Z ##[endgroup]
validate	Set up job	2026-02-09T02:14:35.7303333Z ##[group]Runner Image
validate	Set up job	2026-02-09T02:14:35.7303822Z Image: ubuntu-24.04
validate	Set up job	2026-02-09T02:14:35.7304397Z Version: 20260201.15.1
validate	Set up job	2026-02-09T02:14:35.7305335Z Included Software: https://github.com/actions/runner-images/blob/ubuntu24/20260201.15/images/ubuntu/Ubuntu2404-Readme.md
validate	Set up job	2026-02-09T02:14:35.7306973Z Image Release: https://github.com/actions/runner-images/releases/tag/ubuntu24%2F20260201.15
validate	Set up job	2026-02-09T02:14:35.7307847Z ##[endgroup]
validate	Set up job	2026-02-09T02:14:35.7308926Z ##[group]GITHUB_TOKEN Permissions
validate	Set up job	2026-02-09T02:14:35.7311053Z Contents: read
validate	Set up job	2026-02-09T02:14:35.7311579Z Metadata: read
validate	Set up job	2026-02-09T02:14:35.7312152Z Packages: read
validate	Set up job	2026-02-09T02:14:35.7312605Z ##[endgroup]
validate	Set up job	2026-02-09T02:14:35.7314542Z Secret source: Actions
validate	Set up job	2026-02-09T02:14:35.7315303Z Prepare workflow directory
validate	Set up job	2026-02-09T02:14:35.7626150Z Prepare all required actions
validate	Set up job	2026-02-09T02:14:35.7666503Z Getting action download info
validate	Set up job	2026-02-09T02:14:36.2278513Z Download action repository 'actions/checkout@v4' (SHA:34e114876b0b11c390a56381ad16ebd13914f8d5)
validate	Set up job	2026-02-09T02:14:36.3473402Z Download action repository 'cachix/install-nix-action@v30' (SHA:08dcb3a5e62fa31e2da3d490afc4176ef55ecd72)
validate	Set up job	2026-02-09T02:14:37.1215417Z Complete job name: validate
validate	Run actions/checkout@v4	ï»¿2026-02-09T02:14:37.1984311Z ##[group]Run actions/checkout@v4
validate	Run actions/checkout@v4	2026-02-09T02:14:37.1985601Z with:
validate	Run actions/checkout@v4	2026-02-09T02:14:37.1986310Z   repository: massmola/venvi
validate	Run actions/checkout@v4	2026-02-09T02:14:37.1987432Z   token: ***
validate	Run actions/checkout@v4	2026-02-09T02:14:37.1988103Z   ssh-strict: true
validate	Run actions/checkout@v4	2026-02-09T02:14:37.1988807Z   ssh-user: git
validate	Run actions/checkout@v4	2026-02-09T02:14:37.1989688Z   persist-credentials: true
validate	Run actions/checkout@v4	2026-02-09T02:14:37.1990523Z   clean: true
validate	Run actions/checkout@v4	2026-02-09T02:14:37.1991258Z   sparse-checkout-cone-mode: true
validate	Run actions/checkout@v4	2026-02-09T02:14:37.1992159Z   fetch-depth: 1
validate	Run actions/checkout@v4	2026-02-09T02:14:37.1992878Z   fetch-tags: false
validate	Run actions/checkout@v4	2026-02-09T02:14:37.1993598Z   show-progress: true
validate	Run actions/checkout@v4	2026-02-09T02:14:37.1994542Z   lfs: false
validate	Run actions/checkout@v4	2026-02-09T02:14:37.1995278Z   submodules: false
validate	Run actions/checkout@v4	2026-02-09T02:14:37.1996024Z   set-safe-directory: true
validate	Run actions/checkout@v4	2026-02-09T02:14:37.1997107Z ##[endgroup]
validate	Run actions/checkout@v4	2026-02-09T02:14:37.3102481Z Syncing repository: massmola/venvi
validate	Run actions/checkout@v4	2026-02-09T02:14:37.3106061Z ##[group]Getting Git version info
validate	Run actions/checkout@v4	2026-02-09T02:14:37.3107364Z Working directory is '/home/runner/work/venvi/venvi'
validate	Run actions/checkout@v4	2026-02-09T02:14:37.3110296Z [command]/usr/bin/git version
validate	Run actions/checkout@v4	2026-02-09T02:14:37.3206213Z git version 2.52.0
validate	Run actions/checkout@v4	2026-02-09T02:14:37.3232012Z ##[endgroup]
validate	Run actions/checkout@v4	2026-02-09T02:14:37.3245456Z Temporarily overriding HOME='/home/runner/work/_temp/436bdfc1-4285-4586-a49b-9aca4bbbc0be' before making global git config changes
validate	Run actions/checkout@v4	2026-02-09T02:14:37.3248378Z Adding repository directory to the temporary git global config as a safe directory
validate	Run actions/checkout@v4	2026-02-09T02:14:37.3251163Z [command]/usr/bin/git config --global --add safe.directory /home/runner/work/venvi/venvi
validate	Run actions/checkout@v4	2026-02-09T02:14:37.3290248Z Deleting the contents of '/home/runner/work/venvi/venvi'
validate	Run actions/checkout@v4	2026-02-09T02:14:37.3294004Z ##[group]Initializing the repository
validate	Run actions/checkout@v4	2026-02-09T02:14:37.3298727Z [command]/usr/bin/git init /home/runner/work/venvi/venvi
validate	Run actions/checkout@v4	2026-02-09T02:14:37.3419027Z hint: Using 'master' as the name for the initial branch. This default branch name
validate	Run actions/checkout@v4	2026-02-09T02:14:37.3421387Z hint: will change to "main" in Git 3.0. To configure the initial branch name
validate	Run actions/checkout@v4	2026-02-09T02:14:37.3424024Z hint: to use in all of your new repositories, which will suppress this warning,
validate	Run actions/checkout@v4	2026-02-09T02:14:37.3426530Z hint: call:
validate	Run actions/checkout@v4	2026-02-09T02:14:37.3428087Z hint:
validate	Run actions/checkout@v4	2026-02-09T02:14:37.3429850Z hint: 	git config --global init.defaultBranch <name>
validate	Run actions/checkout@v4	2026-02-09T02:14:37.3431755Z hint:
validate	Run actions/checkout@v4	2026-02-09T02:14:37.3433498Z hint: Names commonly chosen instead of 'master' are 'main', 'trunk' and
validate	Run actions/checkout@v4	2026-02-09T02:14:37.3436677Z hint: 'development'. The just-created branch can be renamed via this command:
validate	Run actions/checkout@v4	2026-02-09T02:14:37.3439308Z hint:
validate	Run actions/checkout@v4	2026-02-09T02:14:37.3440439Z hint: 	git branch -m <name>
validate	Run actions/checkout@v4	2026-02-09T02:14:37.3441773Z hint:
validate	Run actions/checkout@v4	2026-02-09T02:14:37.3443138Z hint: Disable this message with "git config set advice.defaultBranchName false"
validate	Run actions/checkout@v4	2026-02-09T02:14:37.3445009Z Initialized empty Git repository in /home/runner/work/venvi/venvi/.git/
validate	Run actions/checkout@v4	2026-02-09T02:14:37.3448511Z [command]/usr/bin/git remote add origin https://github.com/massmola/venvi
validate	Run actions/checkout@v4	2026-02-09T02:14:37.3472692Z ##[endgroup]
validate	Run actions/checkout@v4	2026-02-09T02:14:37.3474962Z ##[group]Disabling automatic garbage collection
validate	Run actions/checkout@v4	2026-02-09T02:14:37.3477122Z [command]/usr/bin/git config --local gc.auto 0
validate	Run actions/checkout@v4	2026-02-09T02:14:37.3506354Z ##[endgroup]
validate	Run actions/checkout@v4	2026-02-09T02:14:37.3508493Z ##[group]Setting up auth
validate	Run actions/checkout@v4	2026-02-09T02:14:37.3514001Z [command]/usr/bin/git config --local --name-only --get-regexp core\.sshCommand
validate	Run actions/checkout@v4	2026-02-09T02:14:37.3545179Z [command]/usr/bin/git submodule foreach --recursive sh -c "git config --local --name-only --get-regexp 'core\.sshCommand' && git config --local --unset-all 'core.sshCommand' || :"
validate	Run actions/checkout@v4	2026-02-09T02:14:37.3888414Z [command]/usr/bin/git config --local --name-only --get-regexp http\.https\:\/\/github\.com\/\.extraheader
validate	Run actions/checkout@v4	2026-02-09T02:14:37.3921187Z [command]/usr/bin/git submodule foreach --recursive sh -c "git config --local --name-only --get-regexp 'http\.https\:\/\/github\.com\/\.extraheader' && git config --local --unset-all 'http.https://github.com/.extraheader' || :"
validate	Run actions/checkout@v4	2026-02-09T02:14:37.4134985Z [command]/usr/bin/git config --local --name-only --get-regexp ^includeIf\.gitdir:
validate	Run actions/checkout@v4	2026-02-09T02:14:37.4175589Z [command]/usr/bin/git submodule foreach --recursive git config --local --show-origin --name-only --get-regexp remote.origin.url
validate	Run actions/checkout@v4	2026-02-09T02:14:37.4396703Z [command]/usr/bin/git config --local http.https://github.com/.extraheader AUTHORIZATION: basic ***
validate	Run actions/checkout@v4	2026-02-09T02:14:37.4428478Z ##[endgroup]
validate	Run actions/checkout@v4	2026-02-09T02:14:37.4430001Z ##[group]Fetching the repository
validate	Run actions/checkout@v4	2026-02-09T02:14:37.4437664Z [command]/usr/bin/git -c protocol.version=2 fetch --no-tags --prune --no-recurse-submodules --depth=1 origin +47332e894b6c6f901b158729770647e39a57eb71:refs/remotes/pull/3/merge
validate	Run actions/checkout@v4	2026-02-09T02:14:38.0865430Z From https://github.com/massmola/venvi
validate	Run actions/checkout@v4	2026-02-09T02:14:38.0867103Z  * [new ref]         47332e894b6c6f901b158729770647e39a57eb71 -> pull/3/merge
validate	Run actions/checkout@v4	2026-02-09T02:14:38.0900367Z ##[endgroup]
validate	Run actions/checkout@v4	2026-02-09T02:14:38.0901832Z ##[group]Determining the checkout info
validate	Run actions/checkout@v4	2026-02-09T02:14:38.0903323Z ##[endgroup]
validate	Run actions/checkout@v4	2026-02-09T02:14:38.0908477Z [command]/usr/bin/git sparse-checkout disable
validate	Run actions/checkout@v4	2026-02-09T02:14:38.0950392Z [command]/usr/bin/git config --local --unset-all extensions.worktreeConfig
validate	Run actions/checkout@v4	2026-02-09T02:14:38.0975342Z ##[group]Checking out the ref
validate	Run actions/checkout@v4	2026-02-09T02:14:38.0978418Z [command]/usr/bin/git checkout --progress --force refs/remotes/pull/3/merge
validate	Run actions/checkout@v4	2026-02-09T02:14:38.1095572Z Note: switching to 'refs/remotes/pull/3/merge'.
validate	Run actions/checkout@v4	2026-02-09T02:14:38.1096958Z 
validate	Run actions/checkout@v4	2026-02-09T02:14:38.1098103Z You are in 'detached HEAD' state. You can look around, make experimental
validate	Run actions/checkout@v4	2026-02-09T02:14:38.1101246Z changes and commit them, and you can discard any commits you make in this
validate	Run actions/checkout@v4	2026-02-09T02:14:38.1104199Z state without impacting any branches by switching back to a branch.
validate	Run actions/checkout@v4	2026-02-09T02:14:38.1105919Z 
validate	Run actions/checkout@v4	2026-02-09T02:14:38.1107029Z If you want to create a new branch to retain commits you create, you may
validate	Run actions/checkout@v4	2026-02-09T02:14:38.1109952Z do so (now or later) by using -c with the switch command. Example:
validate	Run actions/checkout@v4	2026-02-09T02:14:38.1111627Z 
validate	Run actions/checkout@v4	2026-02-09T02:14:38.1112229Z   git switch -c <new-branch-name>
validate	Run actions/checkout@v4	2026-02-09T02:14:38.1113292Z 
validate	Run actions/checkout@v4	2026-02-09T02:14:38.1113928Z Or undo this operation with:
validate	Run actions/checkout@v4	2026-02-09T02:14:38.1114942Z 
validate	Run actions/checkout@v4	2026-02-09T02:14:38.1115494Z   git switch -
validate	Run actions/checkout@v4	2026-02-09T02:14:38.1116592Z 
validate	Run actions/checkout@v4	2026-02-09T02:14:38.1117847Z Turn off this advice by setting config variable advice.detachedHead to false
validate	Run actions/checkout@v4	2026-02-09T02:14:38.1119973Z 
validate	Run actions/checkout@v4	2026-02-09T02:14:38.1122029Z HEAD is now at 47332e8 Merge 698cecc711b5538409aece071246033413b3c591 into aa26865b139eb565f46621e7b1a56ac8f6794ffc
validate	Run actions/checkout@v4	2026-02-09T02:14:38.1127970Z ##[endgroup]
validate	Run actions/checkout@v4	2026-02-09T02:14:38.1138840Z [command]/usr/bin/git log -1 --format=%H
validate	Run actions/checkout@v4	2026-02-09T02:14:38.1160902Z 47332e894b6c6f901b158729770647e39a57eb71
validate	Install Nix	ï»¿2026-02-09T02:14:38.1464563Z ##[group]Run cachix/install-nix-action@v30
validate	Install Nix	2026-02-09T02:14:38.1465682Z with:
validate	Install Nix	2026-02-09T02:14:38.1466470Z   nix_path: nixpkgs=channel:nixos-unstable
validate	Install Nix	2026-02-09T02:14:38.1467545Z   enable_kvm: true
validate	Install Nix	2026-02-09T02:14:38.1468324Z ##[endgroup]
validate	Install Nix	2026-02-09T02:14:38.1575342Z ##[group]Run ${GITHUB_ACTION_PATH}/install-nix.sh
validate	Install Nix	2026-02-09T02:14:38.1576658Z [36;1m${GITHUB_ACTION_PATH}/install-nix.sh[0m
validate	Install Nix	2026-02-09T02:14:38.1613474Z shell: /usr/bin/bash --noprofile --norc -e -o pipefail {0}
validate	Install Nix	2026-02-09T02:14:38.1614686Z env:
validate	Install Nix	2026-02-09T02:14:38.1615408Z   INPUT_EXTRA_NIX_CONFIG: 
validate	Install Nix	2026-02-09T02:14:38.1616286Z   INPUT_GITHUB_ACCESS_TOKEN: 
validate	Install Nix	2026-02-09T02:14:38.1617190Z   INPUT_INSTALL_OPTIONS: 
validate	Install Nix	2026-02-09T02:14:38.1618033Z   INPUT_INSTALL_URL: 
validate	Install Nix	2026-02-09T02:14:38.1618945Z   INPUT_NIX_PATH: nixpkgs=channel:nixos-unstable
validate	Install Nix	2026-02-09T02:14:38.1620217Z   INPUT_ENABLE_KVM: true
validate	Install Nix	2026-02-09T02:14:38.1621436Z   GITHUB_TOKEN: ***
validate	Install Nix	2026-02-09T02:14:38.1622197Z ##[endgroup]
validate	Install Nix	2026-02-09T02:14:38.1725630Z ##[group]Enabling KVM support
validate	Install Nix	2026-02-09T02:14:38.1791054Z KERNEL=="kvm", GROUP="kvm", MODE="0666", OPTIONS+="static_node=kvm"
validate	Install Nix	2026-02-09T02:14:38.2091825Z Enabled KVM
validate	Install Nix	2026-02-09T02:14:38.2094168Z ##[endgroup]
validate	Install Nix	2026-02-09T02:14:38.2096248Z ##[group]Installing Nix
validate	Install Nix	2026-02-09T02:14:38.2376752Z installer options: --no-channel-add --darwin-use-unencrypted-nix-store-volume --nix-extra-conf-file /tmp/tmp.KoMAw6KJj3/nix.conf --daemon --daemon-user-count 8
validate	Install Nix	2026-02-09T02:14:38.2522993Z * Host releases.nixos.org:443 was resolved.
validate	Install Nix	2026-02-09T02:14:38.2528102Z * IPv6: 2a04:4e42:2f::347
validate	Install Nix	2026-02-09T02:14:38.2529040Z * IPv4: 151.101.41.91
validate	Install Nix	2026-02-09T02:14:38.2530163Z *   Trying 151.101.41.91:443...
validate	Install Nix	2026-02-09T02:14:38.2537703Z * Connected to releases.nixos.org (151.101.41.91) port 443
validate	Install Nix	2026-02-09T02:14:38.2551738Z * ALPN: curl offers h2,http/1.1
validate	Install Nix	2026-02-09T02:14:38.2553275Z } [5 bytes data]
validate	Install Nix	2026-02-09T02:14:38.2554594Z * TLSv1.3 (OUT), TLS handshake, Client hello (1):
validate	Install Nix	2026-02-09T02:14:38.2555672Z } [512 bytes data]
validate	Install Nix	2026-02-09T02:14:38.2768888Z *  CAfile: /etc/ssl/certs/ca-certificates.crt
validate	Install Nix	2026-02-09T02:14:38.2771121Z *  CApath: /etc/ssl/certs
validate	Install Nix	2026-02-09T02:14:38.2772479Z { [5 bytes data]
validate	Install Nix	2026-02-09T02:14:38.2773558Z * TLSv1.3 (IN), TLS handshake, Server hello (2):
validate	Install Nix	2026-02-09T02:14:38.2774892Z { [122 bytes data]
validate	Install Nix	2026-02-09T02:14:38.2776055Z * TLSv1.3 (IN), TLS handshake, Encrypted Extensions (8):
validate	Install Nix	2026-02-09T02:14:38.2777881Z { [19 bytes data]
validate	Install Nix	2026-02-09T02:14:38.2779773Z * TLSv1.3 (IN), TLS handshake, Certificate (11):
validate	Install Nix	2026-02-09T02:14:38.2781919Z { [2602 bytes data]
validate	Install Nix	2026-02-09T02:14:38.2783557Z * TLSv1.3 (IN), TLS handshake, CERT verify (15):
validate	Install Nix	2026-02-09T02:14:38.2784808Z { [264 bytes data]
validate	Install Nix	2026-02-09T02:14:38.2785659Z * TLSv1.3 (IN), TLS handshake, Finished (20):
validate	Install Nix	2026-02-09T02:14:38.2786686Z { [36 bytes data]
validate	Install Nix	2026-02-09T02:14:38.2787613Z * TLSv1.3 (OUT), TLS change cipher, Change cipher spec (1):
validate	Install Nix	2026-02-09T02:14:38.2788758Z } [1 bytes data]
validate	Install Nix	2026-02-09T02:14:38.2789797Z * TLSv1.3 (OUT), TLS handshake, Finished (20):
validate	Install Nix	2026-02-09T02:14:38.2790848Z } [36 bytes data]
validate	Install Nix	2026-02-09T02:14:38.2792015Z * SSL connection using TLSv1.3 / TLS_AES_128_GCM_SHA256 / X25519 / RSASSA-PSS
validate	Install Nix	2026-02-09T02:14:38.2793422Z * ALPN: server accepted h2
validate	Install Nix	2026-02-09T02:14:38.2794262Z * Server certificate:
validate	Install Nix	2026-02-09T02:14:38.2795168Z *  subject: CN=releases.nixos.org
validate	Install Nix	2026-02-09T02:14:38.2796534Z *  start date: Jan 13 01:58:01 2026 GMT
validate	Install Nix	2026-02-09T02:14:38.2797508Z *  expire date: Apr 13 01:58:00 2026 GMT
validate	Install Nix	2026-02-09T02:14:38.2798959Z *  subjectAltName: host "releases.nixos.org" matched cert's "releases.nixos.org"
validate	Install Nix	2026-02-09T02:14:38.2800954Z *  issuer: C=US; O=Let's Encrypt; CN=R12
validate	Install Nix	2026-02-09T02:14:38.2801956Z *  SSL certificate verify ok.
validate	Install Nix	2026-02-09T02:14:38.2803503Z *   Certificate level 0: Public key type RSA (2048/112 Bits/secBits), signed using sha256WithRSAEncryption
validate	Install Nix	2026-02-09T02:14:38.2805842Z *   Certificate level 1: Public key type RSA (2048/112 Bits/secBits), signed using sha256WithRSAEncryption
validate	Install Nix	2026-02-09T02:14:38.2808184Z *   Certificate level 2: Public key type RSA (4096/152 Bits/secBits), signed using sha256WithRSAEncryption
validate	Install Nix	2026-02-09T02:14:38.2811099Z { [5 bytes data]
validate	Install Nix	2026-02-09T02:14:38.2812013Z * TLSv1.3 (IN), TLS handshake, Newsession Ticket (4):
validate	Install Nix	2026-02-09T02:14:38.2813082Z { [201 bytes data]
validate	Install Nix	2026-02-09T02:14:38.2813814Z * using HTTP/2
validate	Install Nix	2026-02-09T02:14:38.2814985Z * [HTTP/2] [1] OPENED stream for https://releases.nixos.org/nix/nix-2.24.9/install
validate	Install Nix	2026-02-09T02:14:38.2816404Z * [HTTP/2] [1] [:method: GET]
validate	Install Nix	2026-02-09T02:14:38.2817283Z * [HTTP/2] [1] [:scheme: https]
validate	Install Nix	2026-02-09T02:14:38.2818248Z * [HTTP/2] [1] [:authority: releases.nixos.org]
validate	Install Nix	2026-02-09T02:14:38.2819589Z * [HTTP/2] [1] [:path: /nix/nix-2.24.9/install]
validate	Install Nix	2026-02-09T02:14:38.2820648Z * [HTTP/2] [1] [user-agent: curl/8.5.0]
validate	Install Nix	2026-02-09T02:14:38.2821611Z * [HTTP/2] [1] [accept: */*]
validate	Install Nix	2026-02-09T02:14:38.2822444Z } [5 bytes data]
validate	Install Nix	2026-02-09T02:14:38.2823216Z > GET /nix/nix-2.24.9/install HTTP/2
validate	Install Nix	2026-02-09T02:14:38.2824176Z > Host: releases.nixos.org
validate	Install Nix	2026-02-09T02:14:38.2825128Z > User-Agent: curl/8.5.0
validate	Install Nix	2026-02-09T02:14:38.2826468Z > Accept: */*
validate	Install Nix	2026-02-09T02:14:38.2827583Z > 
validate	Install Nix	2026-02-09T02:14:38.2828611Z { [5 bytes data]
validate	Install Nix	2026-02-09T02:14:38.2829552Z < HTTP/2 200 
validate	Install Nix	2026-02-09T02:14:38.2830361Z < last-modified: Fri, 27 Sep 2024 22:02:35 GMT
validate	Install Nix	2026-02-09T02:14:38.2831427Z < etag: "3b9a4f8ba852b9257c3c6d8c19f92eb6"
validate	Install Nix	2026-02-09T02:14:38.2832482Z < x-amz-server-side-encryption: AES256
validate	Install Nix	2026-02-09T02:14:38.2833472Z < content-type: text/plain
validate	Install Nix	2026-02-09T02:14:38.2834303Z < server: AmazonS3
validate	Install Nix	2026-02-09T02:14:38.2835059Z < via: 1.1 varnish, 1.1 varnish
validate	Install Nix	2026-02-09T02:14:38.2835986Z < access-control-allow-origin: *
validate	Install Nix	2026-02-09T02:14:38.2836909Z < accept-ranges: bytes
validate	Install Nix	2026-02-09T02:14:38.2837669Z < age: 62939
validate	Install Nix	2026-02-09T02:14:38.2838387Z < date: Mon, 09 Feb 2026 02:14:38 GMT
validate	Install Nix	2026-02-09T02:14:38.2839682Z < x-served-by: cache-dub4357-DUB, cache-sjc1000134-SJC
validate	Install Nix	2026-02-09T02:14:38.2840794Z < x-cache: HIT, HIT
validate	Install Nix	2026-02-09T02:14:38.2841528Z < x-cache-hits: 322, 0
validate	Install Nix	2026-02-09T02:14:38.2842316Z < content-length: 4267
validate	Install Nix	2026-02-09T02:14:38.2843055Z < 
validate	Install Nix	2026-02-09T02:14:38.2843690Z { [4267 bytes data]
validate	Install Nix	2026-02-09T02:14:38.2844711Z * Connection #0 to host releases.nixos.org left intact
validate	Install Nix	2026-02-09T02:14:38.2878441Z downloading Nix 2.24.9 binary tarball for x86_64-linux from 'https://releases.nixos.org/nix/nix-2.24.9/nix-2.24.9-x86_64-linux.tar.xz' to '/tmp/nix-binary-tarball-unpack.a1Ml0iJhu7'...
validate	Install Nix	2026-02-09T02:14:38.2921949Z   % Total    % Received % Xferd  Average Speed   Time    Time     Time  Current
validate	Install Nix	2026-02-09T02:14:38.2924617Z                                  Dload  Upload   Total   Spent    Left  Speed
validate	Install Nix	2026-02-09T02:14:38.2926118Z 
validate	Install Nix	2026-02-09T02:14:38.3502775Z   0     0    0     0    0     0      0      0 --:--:-- --:--:-- --:--:--     0
validate	Install Nix	2026-02-09T02:14:38.4149565Z  31 22.5M   31 7331k    0     0   122M      0 --:--:-- --:--:-- --:--:--  121M
validate	Install Nix	2026-02-09T02:14:38.4151229Z 100 22.5M  100 22.5M    0     0   183M      0 --:--:-- --:--:-- --:--:--  183M
validate	Install Nix	2026-02-09T02:14:40.0726603Z Note: a multi-user installation is possible. See https://nixos.org/manual/nix/stable/installation/installing-binary.html#multi-user-installation
validate	Install Nix	2026-02-09T02:14:40.0738419Z Warning: the flag --darwin-use-unencrypted-nix-store-volume
validate	Install Nix	2026-02-09T02:14:40.0739705Z          is no longer needed and will be removed in the future.
validate	Install Nix	2026-02-09T02:14:40.0740279Z 
validate	Install Nix	2026-02-09T02:14:40.0749316Z [1;31mSwitching to the Multi-user Installer[0m
validate	Install Nix	2026-02-09T02:14:40.0849343Z [32mWelcome to the Multi-User Nix Installation
validate	Install Nix	2026-02-09T02:14:40.0859780Z [0m
validate	Install Nix	2026-02-09T02:14:40.0860417Z This installation tool will set up your computer with the Nix package
validate	Install Nix	2026-02-09T02:14:40.0861719Z manager. This will happen in a few stages:
validate	Install Nix	2026-02-09T02:14:40.0862035Z 
validate	Install Nix	2026-02-09T02:14:40.0862240Z 1. Make sure your computer doesn't already have Nix. If it does, I
validate	Install Nix	2026-02-09T02:14:40.0862701Z    will show you instructions on how to clean up your old install.
validate	Install Nix	2026-02-09T02:14:40.0863014Z 
validate	Install Nix	2026-02-09T02:14:40.0863363Z 2. Show you what I am going to install and where. Then I will ask
validate	Install Nix	2026-02-09T02:14:40.0863959Z    if you are ready to continue.
validate	Install Nix	2026-02-09T02:14:40.0864407Z 
validate	Install Nix	2026-02-09T02:14:40.0864798Z 3. Create the system users [34m(uids [30001..30008])[0m and groups [34m(gid 30000)[0m
validate	Install Nix	2026-02-09T02:14:40.0865298Z    that the Nix daemon uses to run builds. To create system users
validate	Install Nix	2026-02-09T02:14:40.0865747Z    in a different range, exit and run this tool again with
validate	Install Nix	2026-02-09T02:14:40.0866112Z    NIX_FIRST_BUILD_UID set.
validate	Install Nix	2026-02-09T02:14:40.0866276Z 
validate	Install Nix	2026-02-09T02:14:40.0866439Z 4. Perform the basic installation of the Nix files daemon.
validate	Install Nix	2026-02-09T02:14:40.0866696Z 
validate	Install Nix	2026-02-09T02:14:40.0866887Z 5. Configure your shell to import special Nix Profile files, so you
validate	Install Nix	2026-02-09T02:14:40.0867257Z    can use Nix.
validate	Install Nix	2026-02-09T02:14:40.0867389Z 
validate	Install Nix	2026-02-09T02:14:40.0867494Z 6. Start the Nix daemon.
validate	Install Nix	2026-02-09T02:14:40.0867659Z 
validate	Install Nix	2026-02-09T02:14:40.0867941Z [32m[4;32mWould you like to see a more detailed list of what I will do?
validate	Install Nix	2026-02-09T02:14:40.0868474Z [0mNo TTY, assuming you would say yes :)
validate	Install Nix	2026-02-09T02:14:40.0874291Z 
validate	Install Nix	2026-02-09T02:14:40.0874458Z I will:
validate	Install Nix	2026-02-09T02:14:40.0874612Z 
validate	Install Nix	2026-02-09T02:14:40.0874796Z  - make sure your computer doesn't already have Nix files
validate	Install Nix	2026-02-09T02:14:40.0875209Z    (if it does, I will tell you how to clean them up.)
validate	Install Nix	2026-02-09T02:14:40.0949042Z  - create local users (see the list above for the users I'll make)
validate	Install Nix	2026-02-09T02:14:40.0950019Z  - create a local group (nixbld)
validate	Install Nix	2026-02-09T02:14:40.0950564Z  - install Nix in /nix
validate	Install Nix	2026-02-09T02:14:40.0951064Z  - create a configuration file in /etc/nix
validate	Install Nix	2026-02-09T02:14:40.0951796Z  - set up the "default profile" by creating some Nix-related files in
validate	Install Nix	2026-02-09T02:14:40.0952450Z    /root
validate	Install Nix	2026-02-09T02:14:40.0952988Z  - back up /etc/bash.bashrc to /etc/bash.bashrc.backup-before-nix
validate	Install Nix	2026-02-09T02:14:40.0953480Z  - update /etc/bash.bashrc to include some Nix configuration
validate	Install Nix	2026-02-09T02:14:40.0953969Z  - load and start a service (at /etc/systemd/system/nix-daemon.service
validate	Install Nix	2026-02-09T02:14:40.0954425Z    and /etc/systemd/system/nix-daemon.socket) for nix-daemon
validate	Install Nix	2026-02-09T02:14:40.0954698Z 
validate	Install Nix	2026-02-09T02:14:40.0954907Z [32m[4;32mReady to continue?
validate	Install Nix	2026-02-09T02:14:40.0955234Z [0mNo TTY, assuming you would say yes :)
validate	Install Nix	2026-02-09T02:14:40.0955433Z 
validate	Install Nix	2026-02-09T02:14:40.0955718Z [34m---- let's talk about sudo -----------------------------------------------------
validate	Install Nix	2026-02-09T02:14:40.0956258Z [0mThis script is going to call sudo a lot. Normally, it would show you
validate	Install Nix	2026-02-09T02:14:40.0956730Z exactly what commands it is running and why. However, the script is
validate	Install Nix	2026-02-09T02:14:40.0957107Z run in a headless fashion, like this:
validate	Install Nix	2026-02-09T02:14:40.0957325Z 
validate	Install Nix	2026-02-09T02:14:40.0957480Z   $ curl -L https://nixos.org/nix/install | sh
validate	Install Nix	2026-02-09T02:14:40.0957696Z 
validate	Install Nix	2026-02-09T02:14:40.0957888Z or maybe in a CI pipeline. Because of that, I'm going to skip the
validate	Install Nix	2026-02-09T02:14:40.0958262Z verbose output in the interest of brevity.
validate	Install Nix	2026-02-09T02:14:40.0958463Z 
validate	Install Nix	2026-02-09T02:14:40.0958565Z If you would like to
validate	Install Nix	2026-02-09T02:14:40.0958809Z see the output, try like this:
validate	Install Nix	2026-02-09T02:14:40.0959006Z 
validate	Install Nix	2026-02-09T02:14:40.0959409Z   $ curl -L -o install-nix https://nixos.org/nix/install
validate	Install Nix	2026-02-09T02:14:40.0959772Z   $ sh ./install-nix
validate	Install Nix	2026-02-09T02:14:40.0959929Z 
validate	Install Nix	2026-02-09T02:14:40.0959938Z 
validate	Install Nix	2026-02-09T02:14:40.0960138Z [32m~~> Checking for artifacts of previous installs
validate	Install Nix	2026-02-09T02:14:40.0960611Z [0mBefore I try to install, I'll check for signs Nix already is or has
validate	Install Nix	2026-02-09T02:14:40.0960995Z been installed on this system.
validate	Install Nix	2026-02-09T02:14:40.0982742Z 
validate	Install Nix	2026-02-09T02:14:40.0983608Z [34m---- Nix config report ---------------------------------------------------------
validate	Install Nix	2026-02-09T02:14:40.0984885Z [0m[1m        Temp Dir[0m:	/tmp/tmp.cbG7QSXU3I
validate	Install Nix	2026-02-09T02:14:40.0985296Z [1m        Nix Root[0m:	/nix
validate	Install Nix	2026-02-09T02:14:40.0985595Z [1m     Build Users[0m:	8
validate	Install Nix	2026-02-09T02:14:40.0985893Z [1m  Build Group ID[0m:	30000
validate	Install Nix	2026-02-09T02:14:40.0986418Z [1mBuild Group Name[0m:	nixbld
validate	Install Nix	2026-02-09T02:14:40.0986720Z 
validate	Install Nix	2026-02-09T02:14:40.0986939Z [4;34mbuild users:
validate	Install Nix	2026-02-09T02:14:40.0987394Z [0m[1m    Username[0m:	UID
validate	Install Nix	2026-02-09T02:14:40.1108543Z [1m     nixbld1[0m:	30001
validate	Install Nix	2026-02-09T02:14:40.1118477Z [1m     nixbld2[0m:	30002
validate	Install Nix	2026-02-09T02:14:40.1128363Z [1m     nixbld3[0m:	30003
validate	Install Nix	2026-02-09T02:14:40.1138381Z [1m     nixbld4[0m:	30004
validate	Install Nix	2026-02-09T02:14:40.1148307Z [1m     nixbld5[0m:	30005
validate	Install Nix	2026-02-09T02:14:40.1158175Z [1m     nixbld6[0m:	30006
validate	Install Nix	2026-02-09T02:14:40.1168444Z [1m     nixbld7[0m:	30007
validate	Install Nix	2026-02-09T02:14:40.1178411Z [1m     nixbld8[0m:	30008
validate	Install Nix	2026-02-09T02:14:40.1178767Z 
validate	Install Nix	2026-02-09T02:14:40.1179219Z [32m[4;32mReady to continue?
validate	Install Nix	2026-02-09T02:14:40.1179841Z [0mNo TTY, assuming you would say yes :)
validate	Install Nix	2026-02-09T02:14:40.1180157Z 
validate	Install Nix	2026-02-09T02:14:40.1180333Z [32m~~> Setting up the build group nixbld
validate	Install Nix	2026-02-09T02:14:40.1402350Z [0m[1m            Created[0m:	Yes
validate	Install Nix	2026-02-09T02:14:40.1425289Z 
validate	Install Nix	2026-02-09T02:14:40.1425801Z [32m~~> Setting up the build user nixbld1
validate	Install Nix	2026-02-09T02:14:40.1593976Z useradd warning: nixbld1's uid 30001 is greater than SYS_UID_MAX 999
validate	Install Nix	2026-02-09T02:14:40.1708762Z [0m[1m           Created[0m:	Yes
validate	Install Nix	2026-02-09T02:14:40.1714152Z [1m            Hidden[0m:	Yes
validate	Install Nix	2026-02-09T02:14:40.1732164Z [1m    Home Directory[0m:	/var/empty
validate	Install Nix	2026-02-09T02:14:40.1752086Z [1m              Note[0m:	Nix build user 1
validate	Install Nix	2026-02-09T02:14:40.1769998Z [1m   Logins Disabled[0m:	Yes
validate	Install Nix	2026-02-09T02:14:40.1795760Z [1m  Member of nixbld[0m:	Yes
validate	Install Nix	2026-02-09T02:14:40.1813479Z [1m    PrimaryGroupID[0m:	30000
validate	Install Nix	2026-02-09T02:14:40.1824479Z 
validate	Install Nix	2026-02-09T02:14:40.1824937Z [32m~~> Setting up the build user nixbld2
validate	Install Nix	2026-02-09T02:14:40.1964088Z useradd warning: nixbld2's uid 30002 is greater than SYS_UID_MAX 999
validate	Install Nix	2026-02-09T02:14:40.2068046Z [0m[1m           Created[0m:	Yes
validate	Install Nix	2026-02-09T02:14:40.2073560Z [1m            Hidden[0m:	Yes
validate	Install Nix	2026-02-09T02:14:40.2091543Z [1m    Home Directory[0m:	/var/empty
validate	Install Nix	2026-02-09T02:14:40.2111964Z [1m              Note[0m:	Nix build user 2
validate	Install Nix	2026-02-09T02:14:40.2129831Z [1m   Logins Disabled[0m:	Yes
validate	Install Nix	2026-02-09T02:14:40.2148158Z [1m  Member of nixbld[0m:	Yes
validate	Install Nix	2026-02-09T02:14:40.2166434Z [1m    PrimaryGroupID[0m:	30000
validate	Install Nix	2026-02-09T02:14:40.2177528Z 
validate	Install Nix	2026-02-09T02:14:40.2177911Z [32m~~> Setting up the build user nixbld3
validate	Install Nix	2026-02-09T02:14:40.2349907Z useradd warning: nixbld3's uid 30003 is greater than SYS_UID_MAX 999
validate	Install Nix	2026-02-09T02:14:40.2455852Z [0m[1m           Created[0m:	Yes
validate	Install Nix	2026-02-09T02:14:40.2461303Z [1m            Hidden[0m:	Yes
validate	Install Nix	2026-02-09T02:14:40.2479015Z [1m    Home Directory[0m:	/var/empty
validate	Install Nix	2026-02-09T02:14:40.2499001Z [1m              Note[0m:	Nix build user 3
validate	Install Nix	2026-02-09T02:14:40.2517080Z [1m   Logins Disabled[0m:	Yes
validate	Install Nix	2026-02-09T02:14:40.2535643Z [1m  Member of nixbld[0m:	Yes
validate	Install Nix	2026-02-09T02:14:40.2553456Z [1m    PrimaryGroupID[0m:	30000
validate	Install Nix	2026-02-09T02:14:40.2564271Z 
validate	Install Nix	2026-02-09T02:14:40.2564844Z [32m~~> Setting up the build user nixbld4
validate	Install Nix	2026-02-09T02:14:40.2703808Z useradd warning: nixbld4's uid 30004 is greater than SYS_UID_MAX 999
validate	Install Nix	2026-02-09T02:14:40.2816828Z [0m[1m           Created[0m:	Yes
validate	Install Nix	2026-02-09T02:14:40.2822446Z [1m            Hidden[0m:	Yes
validate	Install Nix	2026-02-09T02:14:40.2840426Z [1m    Home Directory[0m:	/var/empty
validate	Install Nix	2026-02-09T02:14:40.2860682Z [1m              Note[0m:	Nix build user 4
validate	Install Nix	2026-02-09T02:14:40.2882236Z [1m   Logins Disabled[0m:	Yes
validate	Install Nix	2026-02-09T02:14:40.2905223Z [1m  Member of nixbld[0m:	Yes
validate	Install Nix	2026-02-09T02:14:40.2927176Z [1m    PrimaryGroupID[0m:	30000
validate	Install Nix	2026-02-09T02:14:40.2938625Z 
validate	Install Nix	2026-02-09T02:14:40.2939007Z [32m~~> Setting up the build user nixbld5
validate	Install Nix	2026-02-09T02:14:40.3204422Z useradd warning: nixbld5's uid 30005 is greater than SYS_UID_MAX 999
validate	Install Nix	2026-02-09T02:14:40.3327099Z [0m[1m           Created[0m:	Yes
validate	Install Nix	2026-02-09T02:14:40.3333476Z [1m            Hidden[0m:	Yes
validate	Install Nix	2026-02-09T02:14:40.3356485Z [1m    Home Directory[0m:	/var/empty
validate	Install Nix	2026-02-09T02:14:40.3377995Z [1m              Note[0m:	Nix build user 5
validate	Install Nix	2026-02-09T02:14:40.3400809Z [1m   Logins Disabled[0m:	Yes
validate	Install Nix	2026-02-09T02:14:40.3422973Z [1m  Member of nixbld[0m:	Yes
validate	Install Nix	2026-02-09T02:14:40.3446563Z [1m    PrimaryGroupID[0m:	30000
validate	Install Nix	2026-02-09T02:14:40.3458025Z 
validate	Install Nix	2026-02-09T02:14:40.3458558Z [32m~~> Setting up the build user nixbld6
validate	Install Nix	2026-02-09T02:14:40.3595994Z useradd warning: nixbld6's uid 30006 is greater than SYS_UID_MAX 999
validate	Install Nix	2026-02-09T02:14:40.3724920Z [0m[1m           Created[0m:	Yes
validate	Install Nix	2026-02-09T02:14:40.3730795Z [1m            Hidden[0m:	Yes
validate	Install Nix	2026-02-09T02:14:40.3753602Z [1m    Home Directory[0m:	/var/empty
validate	Install Nix	2026-02-09T02:14:40.3775268Z [1m              Note[0m:	Nix build user 6
validate	Install Nix	2026-02-09T02:14:40.3798044Z [1m   Logins Disabled[0m:	Yes
validate	Install Nix	2026-02-09T02:14:40.3824258Z [1m  Member of nixbld[0m:	Yes
validate	Install Nix	2026-02-09T02:14:40.3846822Z [1m    PrimaryGroupID[0m:	30000
validate	Install Nix	2026-02-09T02:14:40.3860281Z 
validate	Install Nix	2026-02-09T02:14:40.3860707Z [32m~~> Setting up the build user nixbld7
validate	Install Nix	2026-02-09T02:14:40.4007213Z useradd warning: nixbld7's uid 30007 is greater than SYS_UID_MAX 999
validate	Install Nix	2026-02-09T02:14:40.4123491Z [0m[1m           Created[0m:	Yes
validate	Install Nix	2026-02-09T02:14:40.4128773Z [1m            Hidden[0m:	Yes
validate	Install Nix	2026-02-09T02:14:40.4147072Z [1m    Home Directory[0m:	/var/empty
validate	Install Nix	2026-02-09T02:14:40.4167517Z [1m              Note[0m:	Nix build user 7
validate	Install Nix	2026-02-09T02:14:40.4185535Z [1m   Logins Disabled[0m:	Yes
validate	Install Nix	2026-02-09T02:14:40.4204279Z [1m  Member of nixbld[0m:	Yes
validate	Install Nix	2026-02-09T02:14:40.4222243Z [1m    PrimaryGroupID[0m:	30000
validate	Install Nix	2026-02-09T02:14:40.4233629Z 
validate	Install Nix	2026-02-09T02:14:40.4234042Z [32m~~> Setting up the build user nixbld8
validate	Install Nix	2026-02-09T02:14:40.4375347Z useradd warning: nixbld8's uid 30008 is greater than SYS_UID_MAX 999
validate	Install Nix	2026-02-09T02:14:40.4480021Z [0m[1m           Created[0m:	Yes
validate	Install Nix	2026-02-09T02:14:40.4485651Z [1m            Hidden[0m:	Yes
validate	Install Nix	2026-02-09T02:14:40.4504589Z [1m    Home Directory[0m:	/var/empty
validate	Install Nix	2026-02-09T02:14:40.4525456Z [1m              Note[0m:	Nix build user 8
validate	Install Nix	2026-02-09T02:14:40.4543398Z [1m   Logins Disabled[0m:	Yes
validate	Install Nix	2026-02-09T02:14:40.4562349Z [1m  Member of nixbld[0m:	Yes
validate	Install Nix	2026-02-09T02:14:40.4580390Z [1m    PrimaryGroupID[0m:	30000
validate	Install Nix	2026-02-09T02:14:40.4580755Z 
validate	Install Nix	2026-02-09T02:14:40.4581375Z [32m~~> Setting up the basic directory structure
validate	Install Nix	2026-02-09T02:14:40.4813888Z [0minstall: creating directory '/nix'
validate	Install Nix	2026-02-09T02:14:40.4814311Z install: creating directory '/nix/var'
validate	Install Nix	2026-02-09T02:14:40.4814613Z install: creating directory '/nix/var/log'
validate	Install Nix	2026-02-09T02:14:40.4814941Z install: creating directory '/nix/var/log/nix'
validate	Install Nix	2026-02-09T02:14:40.4815290Z install: creating directory '/nix/var/log/nix/drvs'
validate	Install Nix	2026-02-09T02:14:40.4815617Z install: creating directory '/nix/var/nix'
validate	Install Nix	2026-02-09T02:14:40.4815929Z install: creating directory '/nix/var/nix/db'
validate	Install Nix	2026-02-09T02:14:40.4816444Z install: creating directory '/nix/var/nix/gcroots'
validate	Install Nix	2026-02-09T02:14:40.4817024Z install: creating directory '/nix/var/nix/profiles'
validate	Install Nix	2026-02-09T02:14:40.4817388Z install: creating directory '/nix/var/nix/temproots'
validate	Install Nix	2026-02-09T02:14:40.4817744Z install: creating directory '/nix/var/nix/userpool'
validate	Install Nix	2026-02-09T02:14:40.4818126Z install: creating directory '/nix/var/nix/daemon-socket'
validate	Install Nix	2026-02-09T02:14:40.4818562Z install: creating directory '/nix/var/nix/gcroots/per-user'
validate	Install Nix	2026-02-09T02:14:40.4819017Z install: creating directory '/nix/var/nix/profiles/per-user'
validate	Install Nix	2026-02-09T02:14:40.4886136Z install: creating directory '/nix/store'
validate	Install Nix	2026-02-09T02:14:40.4958616Z install: creating directory '/etc/nix'
validate	Install Nix	2026-02-09T02:14:40.4968279Z 
validate	Install Nix	2026-02-09T02:14:40.4968521Z [32m~~> Installing Nix
validate	Install Nix	2026-02-09T02:14:40.6917824Z [0m      Alright! We have our first nix at /nix/store/2nhrwv91g6ycpyxvhmvc0xs8p92wp4bk-nix-2.24.9
validate	Install Nix	2026-02-09T02:14:40.7347560Z       Just finished getting the nix database ready.
validate	Install Nix	2026-02-09T02:14:40.7350961Z 
validate	Install Nix	2026-02-09T02:14:40.7352338Z [32m~~> Setting up shell profiles: /etc/bashrc /etc/profile.d/nix.sh /etc/zshrc /etc/bash.bashrc /etc/zsh/zshrc
validate	Install Nix	2026-02-09T02:14:40.7503062Z [0m
validate	Install Nix	2026-02-09T02:14:40.7503386Z # Nix
validate	Install Nix	2026-02-09T02:14:40.7503919Z if [ -e '/nix/var/nix/profiles/default/etc/profile.d/nix-daemon.sh' ]; then
validate	Install Nix	2026-02-09T02:14:40.7504499Z   . '/nix/var/nix/profiles/default/etc/profile.d/nix-daemon.sh'
validate	Install Nix	2026-02-09T02:14:40.7504936Z fi
validate	Install Nix	2026-02-09T02:14:40.7505216Z # End Nix
validate	Install Nix	2026-02-09T02:14:40.7505671Z 
validate	Install Nix	2026-02-09T02:14:40.7659214Z 
validate	Install Nix	2026-02-09T02:14:40.7659483Z # Nix
validate	Install Nix	2026-02-09T02:14:40.7659873Z if [ -e '/nix/var/nix/profiles/default/etc/profile.d/nix-daemon.sh' ]; then
validate	Install Nix	2026-02-09T02:14:40.7660516Z   . '/nix/var/nix/profiles/default/etc/profile.d/nix-daemon.sh'
validate	Install Nix	2026-02-09T02:14:40.7661031Z fi
validate	Install Nix	2026-02-09T02:14:40.7661307Z # End Nix
validate	Install Nix	2026-02-09T02:14:40.7661475Z 
validate	Install Nix	2026-02-09T02:14:40.7813886Z 
validate	Install Nix	2026-02-09T02:14:40.7814132Z # Nix
validate	Install Nix	2026-02-09T02:14:40.7814662Z if [ -e '/nix/var/nix/profiles/default/etc/profile.d/nix-daemon.sh' ]; then
validate	Install Nix	2026-02-09T02:14:40.7815259Z   . '/nix/var/nix/profiles/default/etc/profile.d/nix-daemon.sh'
validate	Install Nix	2026-02-09T02:14:40.7815584Z fi
validate	Install Nix	2026-02-09T02:14:40.7815730Z # End Nix
validate	Install Nix	2026-02-09T02:14:40.7815822Z 
validate	Install Nix	2026-02-09T02:14:40.7966037Z 
validate	Install Nix	2026-02-09T02:14:40.7966260Z # Nix
validate	Install Nix	2026-02-09T02:14:40.7966640Z if [ -e '/nix/var/nix/profiles/default/etc/profile.d/nix-daemon.sh' ]; then
validate	Install Nix	2026-02-09T02:14:40.7967116Z   . '/nix/var/nix/profiles/default/etc/profile.d/nix-daemon.sh'
validate	Install Nix	2026-02-09T02:14:40.7967649Z fi
validate	Install Nix	2026-02-09T02:14:40.7967917Z # End Nix
validate	Install Nix	2026-02-09T02:14:40.7968074Z 
validate	Install Nix	2026-02-09T02:14:40.7991092Z 
validate	Install Nix	2026-02-09T02:14:40.7992098Z [32m~~> Setting up shell profiles for Fish with conf.d/nix.fish inside /etc/fish /usr/local/etc/fish /opt/homebrew/etc/fish /opt/local/etc/fish
validate	Install Nix	2026-02-09T02:14:40.8070923Z [0m
validate	Install Nix	2026-02-09T02:14:40.8071340Z [32m~~> Setting up the default profile
validate	Install Nix	2026-02-09T02:14:40.8373070Z installing 'nix-2.24.9'
validate	Install Nix	2026-02-09T02:14:40.8504393Z building '/nix/store/l9ab6qm37vw0g8vblfzrj387khq6qql1-user-environment.drv'...
validate	Install Nix	2026-02-09T02:14:40.8909507Z installing 'nss-cacert-3.101'
validate	Install Nix	2026-02-09T02:14:40.9037742Z building '/nix/store/zlycwkfk8znkrvqfsjwhlmk85q6lczv3-user-environment.drv'...
validate	Install Nix	2026-02-09T02:14:40.9231840Z [0m
validate	Install Nix	2026-02-09T02:14:40.9232171Z [32m~~> Setting up the nix-daemon systemd service
validate	Install Nix	2026-02-09T02:14:40.9487229Z Created symlink /etc/systemd/system/nix-daemon.service â†’ /nix/var/nix/profiles/default/lib/systemd/system/nix-daemon.service.
validate	Install Nix	2026-02-09T02:14:41.2109964Z Created symlink /etc/systemd/system/nix-daemon.socket â†’ /nix/var/nix/profiles/default/lib/systemd/system/nix-daemon.socket.
validate	Install Nix	2026-02-09T02:14:41.2111374Z Created symlink /etc/systemd/system/sockets.target.wants/nix-daemon.socket â†’ /nix/var/nix/profiles/default/lib/systemd/system/nix-daemon.socket.
validate	Install Nix	2026-02-09T02:14:41.7798285Z [0m[32mAlright! We're done!
validate	Install Nix	2026-02-09T02:14:41.7821774Z [0mTry it! Open a new terminal, and type:
validate	Install Nix	2026-02-09T02:14:41.7822149Z 
validate	Install Nix	2026-02-09T02:14:41.7822364Z   $ nix-shell -p nix-info --run "nix-info -m"
validate	Install Nix	2026-02-09T02:14:41.7822749Z 
validate	Install Nix	2026-02-09T02:14:41.7823037Z Thank you for using this installer. If you have any feedback or need
validate	Install Nix	2026-02-09T02:14:41.7823631Z help, don't hesitate:
validate	Install Nix	2026-02-09T02:14:41.7823854Z 
validate	Install Nix	2026-02-09T02:14:41.7823984Z You can open an issue at
validate	Install Nix	2026-02-09T02:14:41.7824611Z https://github.com/NixOS/nix/issues/new?labels=installer&template=installer.md
validate	Install Nix	2026-02-09T02:14:41.7825153Z 
validate	Install Nix	2026-02-09T02:14:41.7825412Z Or get in touch with the community: https://nixos.org/community
validate	Install Nix	2026-02-09T02:14:41.7842732Z 
validate	Install Nix	2026-02-09T02:14:41.7843536Z [34m---- Reminders -----------------------------------------------------------------
validate	Install Nix	2026-02-09T02:14:41.7845554Z [0m[34m[ 1 ][0m
validate	Install Nix	2026-02-09T02:14:41.7846054Z Nix won't work in active shell sessions until you restart them.
validate	Install Nix	2026-02-09T02:14:41.7846470Z 
validate	Install Nix	2026-02-09T02:14:41.8538189Z ##[endgroup]
validate	Run Validation	ï»¿2026-02-09T02:14:41.8609581Z ##[group]Run nix develop --command ./scripts/validate.sh
validate	Run Validation	2026-02-09T02:14:41.8610007Z [36;1mnix develop --command ./scripts/validate.sh[0m
validate	Run Validation	2026-02-09T02:14:41.8647222Z shell: /usr/bin/bash -e {0}
validate	Run Validation	2026-02-09T02:14:41.8647463Z env:
validate	Run Validation	2026-02-09T02:14:41.8647664Z   NIX_PATH: nixpkgs=channel:nixos-unstable
validate	Run Validation	2026-02-09T02:14:41.8647943Z   TMPDIR: /home/runner/work/_temp
validate	Run Validation	2026-02-09T02:14:41.8648178Z ##[endgroup]
validate	Run Validation	2026-02-09T02:14:42.0475737Z unpacking 'github:numtide/flake-utils/11707dc2f618dd54ca8739b309ec4fc024de578b?narHash=sha256-l0KFg5HjrsfsO/JpG%2Br7fRrqm12kzFHyUHqHCVpMMbI%3D' into the Git cache...
validate	Run Validation	2026-02-09T02:14:42.7356468Z unpacking 'github:nix-systems/default/da67096a3b9bf56a91d16901293e51ba5b49a27e?narHash=sha256-Vy1rq5AaRuLzOxct8nz4T6wlgyUR7zLU309k9mBC768%3D' into the Git cache...
validate	Run Validation	2026-02-09T02:14:43.0737449Z copying path '/nix/store/gnf2ayqhb31qvgh1s9mg3aqaj9378cg7-source' from 'https://cache.nixos.org'...
validate	Run Validation	2026-02-09T02:14:53.2565091Z unpacking 'github:cachix/pre-commit-hooks.nix/a8ca480175326551d6c4121498316261cbb5b260?narHash=sha256-Fok2AmefgVA0%2Beprw2NDwqKkPGEI5wvR%2BtwiZagBvrg%3D' into the Git cache...
validate	Run Validation	2026-02-09T02:14:53.8071222Z copying path '/nix/store/9rf7z9hhnxqvbf5i04labfsxill2zhyl-source' from 'https://cache.nixos.org'...
validate	Run Validation	2026-02-09T02:15:06.4452602Z copying path '/nix/store/dm16iwd2p8abxly30iy0idkvzpp0w5zy-iana-etc-20250505' from 'https://cache.nixos.org'...
validate	Run Validation	2026-02-09T02:15:06.4462864Z copying path '/nix/store/3n5kqpahwmk8va5mkygqjj0mn9hqd72n-mailcap-2.1.54' from 'https://cache.nixos.org'...
validate	Run Validation	2026-02-09T02:15:06.4478007Z copying path '/nix/store/r29gp232igs3m47s7lfcaalfashd82bf-tzdata-2025c' from 'https://cache.nixos.org'...
validate	Run Validation	2026-02-09T02:15:06.4524404Z copying path '/nix/store/shs2lyjm5yv7fmg4pwyvrlv9zr4macmv-gcc-14.3.0-libgcc' from 'https://cache.nixos.org'...
validate	Run Validation	2026-02-09T02:15:06.4525796Z copying path '/nix/store/yjmjazfwljzajwq54xlr7vfz77spzr9y-gcc-15.2.0-libgcc' from 'https://cache.nixos.org'...
validate	Run Validation	2026-02-09T02:15:06.4527209Z copying path '/nix/store/bjgsr6vjn2zvp6xp28zf73ny8fnyy74b-gnu-config-2024-01-01' from 'https://cache.nixos.org'...
validate	Run Validation	2026-02-09T02:15:06.4533096Z copying path '/nix/store/3h3vbisciry5r5rvwbmn4ij8fvy1zx4b-linux-headers-6.18' from 'https://cache.nixos.org'...
validate	Run Validation	2026-02-09T02:15:06.4535832Z copying path '/nix/store/g4z9m2pl1wcv35yzgjg1934gmj83gx9m-mailcap-2.1.54' from 'https://cache.nixos.org'...
validate	Run Validation	2026-02-09T02:15:06.4540184Z copying path '/nix/store/kbijm6lc9va8xann3cfyam0vczzmwkxj-xgcc-15.2.0-libgcc' from 'https://cache.nixos.org'...
validate	Run Validation	2026-02-09T02:15:06.4545045Z copying path '/nix/store/xaa75rd44q62nc9mrbvym9d1m6gy0fj8-tzdata-2025b' from 'https://cache.nixos.org'...
validate	Run Validation	2026-02-09T02:15:06.4547681Z copying path '/nix/store/2a3izq4hffdd9r9gb2w6q2ibdc86kss6-xgcc-14.3.0-libgcc' from 'https://cache.nixos.org'...
validate	Run Validation	2026-02-09T02:15:06.4592808Z copying path '/nix/store/1rd1dikwmy9gnlk5911gf2wf5r8k9wdg-publicsuffix-list-0-unstable-2025-10-08' from 'https://cache.nixos.org'...
validate	Run Validation	2026-02-09T02:15:06.4594400Z copying path '/nix/store/pkphs076yz5ajnqczzj0588n6miph269-libunistring-1.4.1' from 'https://cache.nixos.org'...
validate	Run Validation	2026-02-09T02:15:06.4598023Z copying path '/nix/store/3rkccxj7vi0p2a0d48c4a4z2vv2cni88-libunistring-1.4.1' from 'https://cache.nixos.org'...
validate	Run Validation	2026-02-09T02:15:06.4642027Z copying path '/nix/store/1kzclixw4c13wxin0b6cij1zykvwp0wb-gnu-config-2024-01-01' from 'https://cache.nixos.org'...
validate	Run Validation	2026-02-09T02:15:06.4645471Z copying path '/nix/store/148w3ssbgc4wf6xcp6j0s5vy5mz41i8y-iana-etc-20250505' from 'https://cache.nixos.org'...
validate	Run Validation	2026-02-09T02:15:06.4651138Z copying path '/nix/store/y03z7y8cgdck7vk8qpim30vps4d22gzv-update-autotools-gnu-config-scripts-hook' from 'https://cache.nixos.org'...
validate	Run Validation	2026-02-09T02:15:06.5130933Z copying path '/nix/store/l2xk4ac1wx9c95kpp8vymv9r9yn57fvh-update-autotools-gnu-config-scripts-hook' from 'https://cache.nixos.org'...
validate	Run Validation	2026-02-09T02:15:06.5512719Z copying path '/nix/store/d0d9wqmw5saaynfvmszsda3dmh5q82z8-libidn2-2.3.8' from 'https://cache.nixos.org'...
validate	Run Validation	2026-02-09T02:15:06.5601972Z copying path '/nix/store/hxcmad417fd8ql9ylx96xpak7da06yiv-libidn2-2.3.8' from 'https://cache.nixos.org'...
validate	Run Validation	2026-02-09T02:15:06.5860704Z copying path '/nix/store/wb6rhpznjfczwlwx23zmdrrw74bayxw4-glibc-2.42-47' from 'https://cache.nixos.org'...
validate	Run Validation	2026-02-09T02:15:06.5884154Z copying path '/nix/store/xx7cm72qy2c0643cm1ipngd87aqwkcdp-glibc-2.40-66' from 'https://cache.nixos.org'...
validate	Run Validation	2026-02-09T02:15:07.1815957Z copying path '/nix/store/rlq03x4cwf8zn73hxaxnx0zn5q9kifls-bash-5.3p3' from 'https://cache.nixos.org'...
validate	Run Validation	2026-02-09T02:15:07.1817534Z copying path '/nix/store/12qcfbv6bgmxi1jd2dcddy25ijpcgj60-attr-2.5.2' from 'https://cache.nixos.org'...
validate	Run Validation	2026-02-09T02:15:07.1819433Z copying path '/nix/store/v8czfabwiry1aik0j3b4mqkqvn7vnxfi-brotli-1.1.0-lib' from 'https://cache.nixos.org'...
validate	Run Validation	2026-02-09T02:15:07.1824258Z copying path '/nix/store/0sf11lcbcbsqbj18sx26rg352m08rk7y-ed-1.22.2' from 'https://cache.nixos.org'...
validate	Run Validation	2026-02-09T02:15:07.1825742Z copying path '/nix/store/xgavznqg1ay2hycpp7yy9ia1n751jcla-bzip2-1.0.8' from 'https://cache.nixos.org'...
validate	Run Validation	2026-02-09T02:15:07.1827885Z copying path '/nix/store/cky5dqng037hhbd41arkza29cv0hqab6-gdbm-1.26-lib' from 'https://cache.nixos.org'...
validate	Run Validation	2026-02-09T02:15:07.1829497Z copying path '/nix/store/3fmzbq9y4m9nk235il7scmvwn8j9zy3p-gnumake-4.4.1' from 'https://cache.nixos.org'...
validate	Run Validation	2026-02-09T02:15:07.1835671Z copying path '/nix/store/y2wdhdcrffp9hnkzk06d178hq3g98jay-gawk-5.3.2' from 'https://cache.nixos.org'...
validate	Run Validation	2026-02-09T02:15:07.1840668Z copying path '/nix/store/27r2vkndmz7q6gni64l84j46igsz7km4-c-ares-1.34.5' from 'https://cache.nixos.org'...
validate	Run Validation	2026-02-09T02:15:07.1842011Z copying path '/nix/store/d3fj7k3aya8slkgm72gn5izyvnlkgx73-libpsl-0.21.5' from 'https://cache.nixos.org'...
validate	Run Validation	2026-02-09T02:15:07.1843334Z copying path '/nix/store/h7rm00s43k24p73qw7wv1dw8iziqc054-keyutils-1.6.3-lib' from 'https://cache.nixos.org'...
validate	Run Validation	2026-02-09T02:15:07.1845882Z copying path '/nix/store/b9p0zpa93hwvh4d0r1rmgc2500yx2ldn-libffi-3.5.2' from 'https://cache.nixos.org'...
validate	Run Validation	2026-02-09T02:15:07.1847178Z copying path '/nix/store/drc7kang929jaza6cy9zdx10s4gw1z5p-gnused-4.9' from 'https://cache.nixos.org'...
validate	Run Validation	2026-02-09T02:15:07.1848472Z copying path '/nix/store/jnjcxanszfrp8ln69wp0n9s237xbh7bz-expat-2.7.3' from 'https://cache.nixos.org'...
validate	Run Validation	2026-02-09T02:15:07.1849684Z copying path '/nix/store/xm08aqdd7pxcdhm0ak6aqb1v7hw5q6ri-gcc-14.3.0-lib' from 'https://cache.nixos.org'...
validate	Run Validation	2026-02-09T02:15:07.1851610Z copying path '/nix/store/vg0afp6lmdrs4li4q4viry8blf5pbjrr-libyaml-0.2.5' from 'https://cache.nixos.org'...
validate	Run Validation	2026-02-09T02:15:07.2012187Z copying path '/nix/store/f15k3dpilmiyv6zgpib289rnjykgr1r4-bash-5.3p9' from 'https://cache.nixos.org'...
validate	Run Validation	2026-02-09T02:15:07.2020032Z copying path '/nix/store/y6n0g6yj0hzdq31q1258jn372kflb4dg-attr-2.5.2' from 'https://cache.nixos.org'...
validate	Run Validation	2026-02-09T02:15:07.2021400Z copying path '/nix/store/q5hdxy658850yynggmkjblbqfgs1w4nq-brotli-1.2.0-lib' from 'https://cache.nixos.org'...
validate	Run Validation	2026-02-09T02:15:07.2159458Z copying path '/nix/store/fwfpzqrvzhpjp91rbnq64z07diyicbwh-acl-2.3.2' from 'https://cache.nixos.org'...
validate	Run Validation	2026-02-09T02:15:07.2170514Z copying path '/nix/store/bhz2i66mwm3vdyslixazss6a46h48ib5-bzip2-1.0.8' from 'https://cache.nixos.org'...
validate	Run Validation	2026-02-09T02:15:07.2189321Z copying path '/nix/store/qm9rxn2sc1vrz91i443rr6f0vxm0zd82-bzip2-1.0.8-bin' from 'https://cache.nixos.org'...
validate	Run Validation	2026-02-09T02:15:07.2195555Z copying path '/nix/store/dkvxkb5cb4zl792gz2msbgxhhk2mh43i-c-ares-1.34.6' from 'https://cache.nixos.org'...
validate	Run Validation	2026-02-09T02:15:07.2262553Z copying path '/nix/store/j02bpb9f7w3kh0rbbpmbhv6svcc8p3n3-c-ares-1.34.6' from 'https://cache.nixos.org'...
validate	Run Validation	2026-02-09T02:15:07.2264026Z copying path '/nix/store/g043h47ws2x7icy7qmy7ggqhybbcfk9k-ed-1.22.4' from 'https://cache.nixos.org'...
validate	Run Validation	2026-02-09T02:15:07.2271078Z copying path '/nix/store/9v1irc5cj2644cf3j5r3z7x833cablh5-expand-response-params' from 'https://cache.nixos.org'...
validate	Run Validation	2026-02-09T02:15:07.2391608Z copying path '/nix/store/2xq9rayckw8zq26k274xxlikn77jn60j-gawk-5.3.2' from 'https://cache.nixos.org'...
validate	Run Validation	2026-02-09T02:15:07.2655036Z copying path '/nix/store/j2kgllgds4w7na8zqv1msi0mpvpjxda8-gcc-15.2.0-lib' from 'https://cache.nixos.org'...
validate	Run Validation	2026-02-09T02:15:07.2656813Z copying path '/nix/store/xf3rb2kmk19092b1pf50ag0fsj2f6hpa-gh-2.86.0' from 'https://cache.nixos.org'...
validate	Run Validation	2026-02-09T02:15:07.2670210Z copying path '/nix/store/37v6wknb3fdlgxpgwilffaxipfy8f1fx-gitleaks-8.30.0' from 'https://cache.nixos.org'...
validate	Run Validation	2026-02-09T02:15:07.2755449Z copying path '/nix/store/90yw24gqmwph4xjp4mqhpx1y1gcrvqla-bzip2-1.0.8-bin' from 'https://cache.nixos.org'...
validate	Run Validation	2026-02-09T02:15:07.2786185Z copying path '/nix/store/6gz4kzl3i8x44pssbnyiahvl5vyc9vcq-acl-2.3.2' from 'https://cache.nixos.org'...
validate	Run Validation	2026-02-09T02:15:07.2885273Z copying path '/nix/store/0bdqq2z98kg2hfn3k60if6pb5fd5p10h-glibc-2.42-47-bin' from 'https://cache.nixos.org'...
validate	Run Validation	2026-02-09T02:15:07.2933685Z copying path '/nix/store/1gzg2vdnhdbmbspyvw5gygn9hjjmlff0-gmp-6.3.0' from 'https://cache.nixos.org'...
validate	Run Validation	2026-02-09T02:15:07.3022018Z copying path '/nix/store/vbah5c4rzy1q1hbqhginyxjhj8d4dj8j-gnumake-4.4.1' from 'https://cache.nixos.org'...
validate	Run Validation	2026-02-09T02:15:07.3023508Z copying path '/nix/store/0a3dyfq09dnkw28ap2i450wjimvdmv6s-go-1.25.4' from 'https://cache.nixos.org'...
validate	Run Validation	2026-02-09T02:15:07.3038796Z copying path '/nix/store/ryz8kcrm2bxpccllfqlb7qldsfnqp5c2-gnused-4.9' from 'https://cache.nixos.org'...
validate	Run Validation	2026-02-09T02:15:07.3062720Z copying path '/nix/store/yi3c5karhx764ham5rfwk7iynr8mjf6q-gnutar-1.35' from 'https://cache.nixos.org'...
validate	Run Validation	2026-02-09T02:15:07.3302013Z copying path '/nix/store/xjqicsm7q0pb1hr271cki2f6k18d4sc2-c-ares-1.34.6-dev' from 'https://cache.nixos.org'...
validate	Run Validation	2026-02-09T02:15:07.3342463Z copying path '/nix/store/kj9ibnlg1p3macpcw8lm4rhpcwgfjal1-golangci-lint-2.8.0' from 'https://cache.nixos.org'...
validate	Run Validation	2026-02-09T02:15:07.3365680Z copying path '/nix/store/494flzsx9j86bshnds5sy6f4iy4g7gxi-brotli-1.2.0' from 'https://cache.nixos.org'...
validate	Run Validation	2026-02-09T02:15:07.3621601Z copying path '/nix/store/qyg62bc2xnpwz0fa9prqxvvk00zj4g9q-gnutar-1.35' from 'https://cache.nixos.org'...
validate	Run Validation	2026-02-09T02:15:07.3772829Z copying path '/nix/store/m570vp4ikfx2k5r11mkr20r5cg1q9gfm-gopls-0.21.0' from 'https://cache.nixos.org'...
validate	Run Validation	2026-02-09T02:15:07.4277321Z copying path '/nix/store/zzvsjgylnphvhms3lgr2qlwdxmc68z66-go-1.25.5' from 'https://cache.nixos.org'...
validate	Run Validation	2026-02-09T02:15:07.4303168Z copying path '/nix/store/84yyzmxs7mb8nhkvcfv9n1l9irpb6mnq-gzip-1.14' from 'https://cache.nixos.org'...
validate	Run Validation	2026-02-09T02:15:07.4364829Z copying path '/nix/store/d471xb7sfbah076s8rx02i68zpxc2r5n-gzip-1.14' from 'https://cache.nixos.org'...
validate	Run Validation	2026-02-09T02:15:07.4373240Z copying path '/nix/store/56q5bvy8f9njwsqj723cjkfhaz70y5i7-isl-0.20' from 'https://cache.nixos.org'...
validate	Run Validation	2026-02-09T02:15:07.4592225Z copying path '/nix/store/gm1v2azbnb96yi4fapfd1jx9f0jrnpzq-brotli-1.2.0-dev' from 'https://cache.nixos.org'...
validate	Run Validation	2026-02-09T02:15:07.5423215Z copying path '/nix/store/rwalsamz4246k8f1zzxa54qx7w3fbzdg-glibc-2.42-47-dev' from 'https://cache.nixos.org'...
validate	Run Validation	2026-02-09T02:15:07.5429033Z copying path '/nix/store/9dxykk10ci82p4rbalcj1plqm9cgc3yh-libev-4.33' from 'https://cache.nixos.org'...
validate	Run Validation	2026-02-09T02:15:07.5524856Z copying path '/nix/store/y890wk5v7h4dzfs69jycv3fj0fx5y9i5-libuv-1.51.0' from 'https://cache.nixos.org'...
validate	Run Validation	2026-02-09T02:15:07.5670632Z copying path '/nix/store/8kwysbrm9zrfcsfbix7hkjj72r5kgiwv-llhttp-9.3.0' from 'https://cache.nixos.org'...
validate	Run Validation	2026-02-09T02:15:07.5715652Z copying path '/nix/store/lcwnhmdd6fqf84y35ll4i6ivi2x8vvd5-mpdecimal-4.0.1' from 'https://cache.nixos.org'...
validate	Run Validation	2026-02-09T02:15:07.6121901Z copying path '/nix/store/v68a321jp4xqmbk0ly5yn1x4a3ky1y8a-mpfr-4.2.2' from 'https://cache.nixos.org'...
validate	Run Validation	2026-02-09T02:15:07.6512804Z copying path '/nix/store/yijhn548p2589pkybgvbhll09bqsxy0q-ncurses-6.5' from 'https://cache.nixos.org'...
validate	Run Validation	2026-02-09T02:15:07.6707104Z copying path '/nix/store/z2903hglhpxv4hyczli0ncdf09wmma92-ncurses-6.6' from 'https://cache.nixos.org'...
validate	Run Validation	2026-02-09T02:15:07.6735672Z copying path '/nix/store/cn8ppsx5dns0n4naa4k5sc0siymg41vw-nghttp2-1.67.1-lib' from 'https://cache.nixos.org'...
validate	Run Validation	2026-02-09T02:15:07.6764715Z copying path '/nix/store/j45rf4zx05ckp2d3fj6nb7js7zhs10dx-nghttp2-1.67.1-lib' from 'https://cache.nixos.org'...
validate	Run Validation	2026-02-09T02:15:07.6982267Z copying path '/nix/store/0pxl3sgz8igwks4rmq3gnidi3hfwdcgs-libuv-1.51.0-dev' from 'https://cache.nixos.org'...
validate	Run Validation	2026-02-09T02:15:07.7265054Z copying path '/nix/store/mfsjcsi2p23zkcd58g003binzmak18vx-llhttp-9.3.0-dev' from 'https://cache.nixos.org'...
validate	Run Validation	2026-02-09T02:15:07.7351701Z copying path '/nix/store/kwr2jkqrbf6gsalagrka7gb7yrn71qpi-gettext-0.25.1' from 'https://cache.nixos.org'...
validate	Run Validation	2026-02-09T02:15:07.7617577Z copying path '/nix/store/2f7yzmvcsydw38zr369l9xpk63v1ld5q-gmp-with-cxx-6.3.0' from 'https://cache.nixos.org'...
validate	Run Validation	2026-02-09T02:15:07.7957153Z copying path '/nix/store/0jwkg5vcr4b4zi5r5xlg4nizd7h26776-libmpc-1.3.1' from 'https://cache.nixos.org'...
validate	Run Validation	2026-02-09T02:15:07.8028402Z copying path '/nix/store/ggxfzhsmd3m54fac5xph7kva38k44mc2-nghttp3-1.12.0' from 'https://cache.nixos.org'...
validate	Run Validation	2026-02-09T02:15:07.8321397Z copying path '/nix/store/x1avvg7xfcb6699afppcbd5qk24smg4n-nghttp3-1.13.1' from 'https://cache.nixos.org'...
validate	Run Validation	2026-02-09T02:15:07.8334080Z copying path '/nix/store/zqww03cbxf9c9nlqaliw68jcabjc98wi-nixpkgs-fmt-1.3.0' from 'https://cache.nixos.org'...
validate	Run Validation	2026-02-09T02:15:07.8460457Z copying path '/nix/store/3d8riwhf4bn18y0jsqn7vy4p25xbwi3h-oniguruma-6.9.10-lib' from 'https://cache.nixos.org'...
validate	Run Validation	2026-02-09T02:15:07.8993003Z copying path '/nix/store/61i74yjkj9p1qphfl7018ja4sdwkipx0-openssl-3.6.0' from 'https://cache.nixos.org'...
validate	Run Validation	2026-02-09T02:15:07.9142164Z copying path '/nix/store/fg597zq78kc4dpbh0is4khy1qfd81xw4-gmp-with-cxx-6.3.0' from 'https://cache.nixos.org'...
validate	Run Validation	2026-02-09T02:15:07.9286997Z copying path '/nix/store/imad8dvhp77h0pjbckp6wvmnyhp8dpgg-coreutils-9.8' from 'https://cache.nixos.org'...
validate	Run Validation	2026-02-09T02:15:07.9325186Z copying path '/nix/store/q34rjcffjcmhbnsx8nd6w0i2xamz66i3-icu4c-76.1' from 'https://cache.nixos.org'...
validate	Run Validation	2026-02-09T02:15:07.9401905Z copying path '/nix/store/g7lir5wb7g1a31szgw6n5wa0kbsq04zd-openssl-3.6.0' from 'https://cache.nixos.org'...
validate	Run Validation	2026-02-09T02:15:07.9801894Z copying path '/nix/store/lf3a8jxvhrs5fd0nbq3iy4j09hi57vib-nghttp3-1.13.1-dev' from 'https://cache.nixos.org'...
validate	Run Validation	2026-02-09T02:15:08.0570075Z copying path '/nix/store/gs6yqc24w093xsnnz3kkhls8jz7pnffy-jq-1.8.1' from 'https://cache.nixos.org'...
validate	Run Validation	2026-02-09T02:15:08.1643883Z copying path '/nix/store/i2vmgx46q9hd3z6rigaiman3wl3i2gc4-coreutils-9.9' from 'https://cache.nixos.org'...
validate	Run Validation	2026-02-09T02:15:08.2548858Z copying path '/nix/store/20axvl7mgj15m23jgmnq97hx37fgz7bk-diffutils-3.12' from 'https://cache.nixos.org'...
validate	Run Validation	2026-02-09T02:15:08.2579207Z copying path '/nix/store/qrwznp1ikdf0qw05wia2haiwi32ik5n0-patch-2.8' from 'https://cache.nixos.org'...
validate	Run Validation	2026-02-09T02:15:08.2661826Z copying path '/nix/store/av4xw9f56xlx5pgv862wabfif6m1yc0a-findutils-4.10.0' from 'https://cache.nixos.org'...
validate	Run Validation	2026-02-09T02:15:08.4062197Z copying path '/nix/store/qvbwz06cqra3cmlra40v0adw75j6j7wm-jq-1.8.1-bin' from 'https://cache.nixos.org'...
validate	Run Validation	2026-02-09T02:15:08.4593425Z copying path '/nix/store/wwij6563c6wbg4kzgjhng7vlhf7api19-patch-2.8' from 'https://cache.nixos.org'...
validate	Run Validation	2026-02-09T02:15:08.4809677Z copying path '/nix/store/8q2582rd22xp8jlcg1xn1w219q5lx5xa-patchelf-0.15.2' from 'https://cache.nixos.org'...
validate	Run Validation	2026-02-09T02:15:08.4827444Z copying path '/nix/store/c2p7haf4zzkbrir9zs662r68c5dmylbq-patchelf-0.15.2' from 'https://cache.nixos.org'...
validate	Run Validation	2026-02-09T02:15:08.5143320Z copying path '/nix/store/3p87h6dn5i87i3iq9364imzbqgwvkg2p-diffutils-3.12' from 'https://cache.nixos.org'...
validate	Run Validation	2026-02-09T02:15:08.5256816Z copying path '/nix/store/16wfacfgap3chf7mcjnd8dwi85dj4qqi-findutils-4.10.0' from 'https://cache.nixos.org'...
validate	Run Validation	2026-02-09T02:15:08.5384438Z copying path '/nix/store/0kgwmi3n8ml2a041a5y9y9ycga3md4dq-pcre2-10.46' from 'https://cache.nixos.org'...
validate	Run Validation	2026-02-09T02:15:08.5772682Z copying path '/nix/store/jq07r49vk5wa10a1kk2y87nwbbl62qxz-jq-1.8.1-dev' from 'https://cache.nixos.org'...
validate	Run Validation	2026-02-09T02:15:08.6009458Z copying path '/nix/store/6y07blp88mrgn05wxbif8yzmd0g2ss4x-pcre2-10.46' from 'https://cache.nixos.org'...
validate	Run Validation	2026-02-09T02:15:08.6036519Z copying path '/nix/store/g3kc0p65g67798kkl58k3knrz5xzfqzv-pkg-config-0.29.2' from 'https://cache.nixos.org'...
validate	Run Validation	2026-02-09T02:15:08.7232870Z copying path '/nix/store/41cgbkwax6pd1sgi8l81mamv6rvarryj-readline-8.3p1' from 'https://cache.nixos.org'...
validate	Run Validation	2026-02-09T02:15:08.7363020Z copying path '/nix/store/8pqj80100baxyhcl9g03b7ywpj4s5mah-readline-8.3p3' from 'https://cache.nixos.org'...
validate	Run Validation	2026-02-09T02:15:08.7684920Z copying path '/nix/store/mzl19fy0j4fl395z3pbkwxcmkxi1733v-util-linux-minimal-2.41.2-lib' from 'https://cache.nixos.org'...
validate	Run Validation	2026-02-09T02:15:08.8001202Z copying path '/nix/store/9z2jg63df52gd4nmbggjcw41cdi4m14p-krb5-1.22.1-lib' from 'https://cache.nixos.org'...
validate	Run Validation	2026-02-09T02:15:08.8016167Z copying path '/nix/store/50b381c1c7h4ll8a40wqh3fcknwpnnck-ngtcp2-1.17.0' from 'https://cache.nixos.org'...
validate	Run Validation	2026-02-09T02:15:08.8176610Z copying path '/nix/store/rvp7qlpf5jqvdckjy1afjb6aha6j8dxg-pkg-config-wrapper-0.29.2' from 'https://cache.nixos.org'...
validate	Run Validation	2026-02-09T02:15:08.8386717Z copying path '/nix/store/02vv0r262agf9j5n2y1gmbjvdf12zkl0-gnugrep-3.12' from 'https://cache.nixos.org'...
validate	Run Validation	2026-02-09T02:15:08.8541928Z copying path '/nix/store/zi565pibhgz582kxliylqpvmq1gq9z71-ngtcp2-1.18.0' from 'https://cache.nixos.org'...
validate	Run Validation	2026-02-09T02:15:08.8899968Z copying path '/nix/store/x3zjxxz8m4ki88axp0gn8q8m6bldybba-gnugrep-3.12' from 'https://cache.nixos.org'...
validate	Run Validation	2026-02-09T02:15:08.8951082Z copying path '/nix/store/35yc81pz0q5yba14lxhn5r3jx5yg6c3l-bash-interactive-5.3p3' from 'https://cache.nixos.org'...
validate	Run Validation	2026-02-09T02:15:08.8964314Z copying path '/nix/store/x12lw455sq6qy2wcya85d7rb88ybc3df-bash-interactive-5.3p9' from 'https://cache.nixos.org'...
validate	Run Validation	2026-02-09T02:15:08.9073459Z copying path '/nix/store/1p8kvf8pyqb8h85f81vhahyj04wjzv5d-openssl-3.6.0-bin' from 'https://cache.nixos.org'...
validate	Run Validation	2026-02-09T02:15:08.9473726Z copying path '/nix/store/x0bq7h936cp5dz83wq0wdhnimzcy85fd-uvwasi-0.0.23' from 'https://cache.nixos.org'...
validate	Run Validation	2026-02-09T02:15:08.9947091Z copying path '/nix/store/rwj0jbi98wrrg4c4k8a5s63cp8r7s8a9-which-2.23' from 'https://cache.nixos.org'...
validate	Run Validation	2026-02-09T02:15:09.0062038Z copying path '/nix/store/99b682kgwcp3944rcq47f3whsfpij80c-ngtcp2-1.18.0-dev' from 'https://cache.nixos.org'...
validate	Run Validation	2026-02-09T02:15:09.0358861Z copying path '/nix/store/q5vlz5jl6p7mv220s2vf6z5pqi1n935z-xz-5.8.1' from 'https://cache.nixos.org'...
validate	Run Validation	2026-02-09T02:15:09.0472283Z copying path '/nix/store/59k463mhfy0i74i6w7d9jabd2rzand2v-xz-5.8.2' from 'https://cache.nixos.org'...
validate	Run Validation	2026-02-09T02:15:09.1042111Z copying path '/nix/store/l7xwm1f6f3zj2x8jwdbi8gdyfbx07sh7-zlib-1.3.1' from 'https://cache.nixos.org'...
validate	Run Validation	2026-02-09T02:15:09.1053879Z copying path '/nix/store/fgm3pz8486ksh3f94629lpb7xjr2wjp7-openssl-3.6.0-dev' from 'https://cache.nixos.org'...
validate	Run Validation	2026-02-09T02:15:09.1059898Z copying path '/nix/store/ri9paa3mri4kqakljak8ldvbcp7lpmif-zlib-1.3.1' from 'https://cache.nixos.org'...
validate	Run Validation	2026-02-09T02:15:09.1442813Z copying path '/nix/store/00xpncfcvafhr6vx9q05hkhazm70zw5g-zlib-ng-2.2.5' from 'https://cache.nixos.org'...
validate	Run Validation	2026-02-09T02:15:09.1486934Z copying path '/nix/store/s7vmxmhkq439cjb7ag9w198p6dk7kl0w-zstd-1.5.7' from 'https://cache.nixos.org'...
validate	Run Validation	2026-02-09T02:15:09.2343694Z copying path '/nix/store/paj6a1lpzp57hz1djm5bs86b7ci221r0-file-5.45' from 'https://cache.nixos.org'...
validate	Run Validation	2026-02-09T02:15:09.2356040Z copying path '/nix/store/jrczm01vajmmh23wrzbgk51plwn7lfsi-libssh2-1.11.1' from 'https://cache.nixos.org'...
validate	Run Validation	2026-02-09T02:15:09.2370267Z copying path '/nix/store/l30c488dws7z5mazacqsmj25izb9jlp2-sqlite-3.50.4' from 'https://cache.nixos.org'...
validate	Run Validation	2026-02-09T02:15:09.2715086Z copying path '/nix/store/c9fc5jv4nm5c6n60k3m38n57c66hb9i0-binutils-2.44-lib' from 'https://cache.nixos.org'...
validate	Run Validation	2026-02-09T02:15:09.2728954Z copying path '/nix/store/nyy0bvgjwd98x7ih8pl6pr79qjljgsf7-file-5.45' from 'https://cache.nixos.org'...
validate	Run Validation	2026-02-09T02:15:09.3267640Z copying path '/nix/store/mjf8jlq9grydcdvyw6hb063x5c34g5gf-gcc-15.2.0' from 'https://cache.nixos.org'...
validate	Run Validation	2026-02-09T02:15:09.3591747Z copying path '/nix/store/xvi39ds16r6nym6n4ygnz20grmw8zjap-nghttp2-1.67.1' from 'https://cache.nixos.org'...
validate	Run Validation	2026-02-09T02:15:09.3863185Z copying path '/nix/store/bn7m7qn8k7b27jy5lkq3bg4vcxnyjpq0-sqlite-3.51.2' from 'https://cache.nixos.org'...
validate	Run Validation	2026-02-09T02:15:09.4692914Z copying path '/nix/store/8idis3j5l13c3x74jl8xly0k4qyk9mx6-curl-8.17.0' from 'https://cache.nixos.org'...
validate	Run Validation	2026-02-09T02:15:09.4913161Z copying path '/nix/store/ryc68h6m05msqkf2wqm306cwrvx2fqr2-sqlite-3.51.2-bin' from 'https://cache.nixos.org'...
validate	Run Validation	2026-02-09T02:15:09.5994082Z copying path '/nix/store/v0rfdwhg6w6i0yb6dbry4srk6pnj3xp0-xz-5.8.1-bin' from 'https://cache.nixos.org'...
validate	Run Validation	2026-02-09T02:15:09.6264129Z copying path '/nix/store/zys6d102zp171wpwcs08g632886w2qxs-xz-5.8.2-bin' from 'https://cache.nixos.org'...
validate	Run Validation	2026-02-09T02:15:09.6351267Z copying path '/nix/store/47mn80zqpygykqailwzw8zlag4cgl75q-binutils-2.44' from 'https://cache.nixos.org'...
validate	Run Validation	2026-02-09T02:15:09.6391928Z copying path '/nix/store/3lll9y925zz9393sa59h653xik66srjb-python3-3.13.9' from 'https://cache.nixos.org'...
validate	Run Validation	2026-02-09T02:15:09.6811379Z copying path '/nix/store/wlafyp4d5mjdfvkj88m4l2a84fzcxjfv-zlib-1.3.1-dev' from 'https://cache.nixos.org'...
validate	Run Validation	2026-02-09T02:15:09.7039474Z copying path '/nix/store/ky6hkcj7kxsyww2r0ika361ybrg8765g-git-minimal-2.51.2' from 'https://cache.nixos.org'...
validate	Run Validation	2026-02-09T02:15:09.7041025Z copying path '/nix/store/ijrb2qkj27mzy3b5gswxnr3mqir8sv0g-nghttp2-1.67.1-dev' from 'https://cache.nixos.org'...
validate	Run Validation	2026-02-09T02:15:09.7493678Z copying path '/nix/store/br3nr5ymp1p8k9gn9zljmbnsksikj98l-stdenv-linux' from 'https://cache.nixos.org'...
validate	Run Validation	2026-02-09T02:15:09.7923243Z copying path '/nix/store/6k6dpcdv1bxcipcgdbi89g9fxws0vhvc-sqlite-3.51.2-dev' from 'https://cache.nixos.org'...
validate	Run Validation	2026-02-09T02:15:10.7244575Z copying path '/nix/store/y3b549nnjrn2apah7mfwzz6zwnidpflq-icu4c-76.1-dev' from 'https://cache.nixos.org'...
validate	Run Validation	2026-02-09T02:15:10.9842799Z copying path '/nix/store/mcy5n3l8z7dbvaic7kgh80b86xj7smkn-nodejs-20.20.0' from 'https://cache.nixos.org'...
validate	Run Validation	2026-02-09T02:15:10.9846440Z copying path '/nix/store/i6ppbrlpp6yki8qvka7nyv091xa8dchx-binutils-wrapper-2.44' from 'https://cache.nixos.org'...
validate	Run Validation	2026-02-09T02:15:13.1221371Z copying path '/nix/store/p6c5l3l0p5cymnzybcyil9dqbiymi6ly-nodejs-20.20.0-dev' from 'https://cache.nixos.org'...
validate	Run Validation	2026-02-09T02:15:14.2804211Z copying path '/nix/store/by1xqmaym6mf7igppp11frfb8yhbigf1-python3.13-distlib-0.4.0' from 'https://cache.nixos.org'...
validate	Run Validation	2026-02-09T02:15:14.2807330Z copying path '/nix/store/c570fz95a8hb1vcmpsj363wzjq6ladig-python3.13-nodeenv-1.9.1' from 'https://cache.nixos.org'...
validate	Run Validation	2026-02-09T02:15:14.2808859Z copying path '/nix/store/001dga7lkn16v7wrcqsq3hdif7571sji-python3.13-cfgv-3.5.0' from 'https://cache.nixos.org'...
validate	Run Validation	2026-02-09T02:15:14.2821228Z copying path '/nix/store/14crsps8ws2wb3l25lczywjydryrlzm5-python3.13-iniconfig-2.1.0' from 'https://cache.nixos.org'...
validate	Run Validation	2026-02-09T02:15:14.2826789Z copying path '/nix/store/084z0az33fpli83kchv6n42pa064708r-python3.13-packaging-25.0' from 'https://cache.nixos.org'...
validate	Run Validation	2026-02-09T02:15:14.2828345Z copying path '/nix/store/rhxl996hrhyrwvvss6xzanbnrprw1fgy-python3.13-platformdirs-4.5.0' from 'https://cache.nixos.org'...
validate	Run Validation	2026-02-09T02:15:14.2830654Z copying path '/nix/store/irjfcyv1sp3fxw9gs4wcr60nxk0lhzkn-python3.13-filelock-3.20.0' from 'https://cache.nixos.org'...
validate	Run Validation	2026-02-09T02:15:14.2835493Z copying path '/nix/store/bjp0l4kpk690mi30bpfx2pjw1nhwibr9-python3.13-pluggy-1.6.0' from 'https://cache.nixos.org'...
validate	Run Validation	2026-02-09T02:15:14.2838400Z copying path '/nix/store/f365c74sg63zh3l68xk802hpbb3rf5i9-python3.13-pycparser-2.23' from 'https://cache.nixos.org'...
validate	Run Validation	2026-02-09T02:15:14.2905178Z copying path '/nix/store/vkv6avhqxrnscrvvcfyssirhh6p259az-python3.13-toml-0.10.2' from 'https://cache.nixos.org'...
validate	Run Validation	2026-02-09T02:15:14.2906767Z copying path '/nix/store/yv88fk5ya2c35gbady8ssmg3l92k4vki-python3.13-pyyaml-6.0.3' from 'https://cache.nixos.org'...
validate	Run Validation	2026-02-09T02:15:14.2908290Z copying path '/nix/store/zk1kwr2cgy3fwmninbb4dahm8x8qr6w5-python3.13-pygments-2.19.2' from 'https://cache.nixos.org'...
validate	Run Validation	2026-02-09T02:15:14.3031244Z copying path '/nix/store/abddinrnikr85bjiq32f8pqj8p9jcf5y-python3.13-ukkonen-1.0.1' from 'https://cache.nixos.org'...
validate	Run Validation	2026-02-09T02:15:14.3582808Z copying path '/nix/store/79i958sq2mwjkn9w5214mab3b1yx637f-python3.13-cffi-2.0.0' from 'https://cache.nixos.org'...
validate	Run Validation	2026-02-09T02:15:14.3590187Z copying path '/nix/store/d85s83yxrzf7r7rf106rrbq0kgdnf7sk-python3.13-virtualenv-20.33.1' from 'https://cache.nixos.org'...
validate	Run Validation	2026-02-09T02:15:14.6377170Z copying path '/nix/store/1amh23481gd0d8604d5mlxj3fiba3sg3-python3.13-pytest-8.4.2' from 'https://cache.nixos.org'...
validate	Run Validation	2026-02-09T02:15:14.7508703Z copying path '/nix/store/53hhz0y5jzlg353n0dxsjx73iyi644xp-pytest-check-hook' from 'https://cache.nixos.org'...
validate	Run Validation	2026-02-09T02:15:14.7580438Z copying path '/nix/store/w75zlj8m28wfg8rd708fgpsy33dh3r53-python3.13-identify-2.6.15' from 'https://cache.nixos.org'...
validate	Run Validation	2026-02-09T02:15:14.7744351Z copying path '/nix/store/hhzpwcr2r29603ygc147wr58vlkf4qv5-pre-commit-4.5.0' from 'https://cache.nixos.org'...
validate	Run Validation	2026-02-09T02:15:15.6125879Z building '/nix/store/ri852m05r3fx9mif821d9g78hzbqvfnm-precommit-gofmt.drv'...
validate	Run Validation	2026-02-09T02:15:15.9788253Z building '/nix/store/qz5ipbmikf0qd0a8k3ln45sgm0bds5rp-pre-commit-config.json.drv'...
validate	Run Validation	2026-02-09T02:15:16.6387299Z copying path '/nix/store/a245z3cvf9x9sn0xlk6k8j9xhxbhda1z-gcc-wrapper-15.2.0' from 'https://cache.nixos.org'...
validate	Run Validation	2026-02-09T02:15:16.6440600Z copying path '/nix/store/gidygr7l2i5kckd3zv9kfjcymxcycw6y-stdenv-linux' from 'https://cache.nixos.org'...
validate	Run Validation	2026-02-09T02:15:16.9311593Z building '/nix/store/syzgfirxa5d17w4xh0mvzplf55cqx2jx-nix-shell-env.drv'...
validate	Run Validation	2026-02-09T02:15:17.5352629Z this path will be fetched (0.10 MiB download, 0.10 MiB unpacked):
validate	Run Validation	2026-02-09T02:15:17.5353484Z   /nix/store/1yg24id0csjk4nq1a3apimwf8dqisr9d-bash-interactive-5.3p9-man
validate	Run Validation	2026-02-09T02:15:17.5360950Z copying path '/nix/store/1yg24id0csjk4nq1a3apimwf8dqisr9d-bash-interactive-5.3p9-man' from 'https://cache.nixos.org'...
validate	Run Validation	2026-02-09T02:15:17.5736548Z Venvi PocketBase development environment loaded
validate	Run Validation	2026-02-09T02:15:17.5819631Z git-hooks.nix: updating /home/runner/work/venvi/venvi repo
validate	Run Validation	2026-02-09T02:15:17.6099374Z /home/runner/work/venvi/venvi/.pre-commit-config.yaml
validate	Run Validation	2026-02-09T02:15:19.3334596Z pre-commit installed at .git/hooks/pre-commit
validate	Run Validation	2026-02-09T02:15:19.3617775Z ==========================================
validate	Run Validation	2026-02-09T02:15:19.3618340Z   Venvi Validation Script
validate	Run Validation	2026-02-09T02:15:19.3618711Z ==========================================
validate	Run Validation	2026-02-09T02:15:19.3643460Z 
validate	Run Validation	2026-02-09T02:15:19.3643650Z [1/4] Running go fmt...
validate	Run Validation	2026-02-09T02:15:19.3923644Z go: downloading github.com/pocketbase/pocketbase v0.36.2
validate	Run Validation	2026-02-09T02:15:19.4041573Z go: downloading github.com/PuerkitoBio/goquery v1.11.0
validate	Run Validation	2026-02-09T02:15:19.4591818Z go: downloading github.com/spf13/cobra v1.10.2
validate	Run Validation	2026-02-09T02:15:19.9903423Z go: downloading github.com/andybalholm/cascadia v1.3.3
validate	Run Validation	2026-02-09T02:15:19.9904553Z go: downloading golang.org/x/net v0.49.0
validate	Run Validation	2026-02-09T02:15:20.0026815Z go: downloading github.com/spf13/pflag v1.0.10
validate	Run Validation	2026-02-09T02:15:20.0094612Z go: downloading github.com/pocketbase/dbx v1.11.0
validate	Run Validation	2026-02-09T02:15:20.0132661Z go: downloading github.com/spf13/cast v1.10.0
validate	Run Validation	2026-02-09T02:15:20.0376833Z go: downloading golang.org/x/crypto v0.47.0
validate	Run Validation	2026-02-09T02:15:20.0428675Z go: downloading github.com/fatih/color v1.18.0
validate	Run Validation	2026-02-09T02:15:20.0509267Z go: downloading github.com/go-ozzo/ozzo-validation/v4 v4.3.0
validate	Run Validation	2026-02-09T02:15:20.0952537Z go: downloading github.com/golang-jwt/jwt/v5 v5.3.1
validate	Run Validation	2026-02-09T02:15:20.1271711Z go: downloading golang.org/x/sync v0.19.0
validate	Run Validation	2026-02-09T02:15:20.1415659Z go: downloading modernc.org/sqlite v1.44.3
validate	Run Validation	2026-02-09T02:15:20.1941120Z go: downloading github.com/dop251/goja v0.0.0-20260106131823-651366fbe6e3
validate	Run Validation	2026-02-09T02:15:20.2311963Z go: downloading github.com/dop251/goja_nodejs v0.0.0-20251015164255-5e94316bedaf
validate	Run Validation	2026-02-09T02:15:20.2491680Z go: downloading github.com/fsnotify/fsnotify v1.7.0
validate	Run Validation	2026-02-09T02:15:20.2493873Z go: downloading golang.org/x/oauth2 v0.34.0
validate	Run Validation	2026-02-09T02:15:20.2862004Z go: downloading github.com/mattn/go-colorable v0.1.14
validate	Run Validation	2026-02-09T02:15:20.2864090Z go: downloading github.com/mattn/go-isatty v0.0.20
validate	Run Validation	2026-02-09T02:15:20.2892046Z go: downloading github.com/asaskevich/govalidator v0.0.0-20230301143203-a9d515a09cc2
validate	Run Validation	2026-02-09T02:15:20.2991359Z go: downloading github.com/gabriel-vasile/mimetype v1.4.13
validate	Run Validation	2026-02-09T02:15:20.3003719Z go: downloading github.com/disintegration/imaging v1.6.2
validate	Run Validation	2026-02-09T02:15:20.3131212Z go: downloading golang.org/x/image v0.35.0
validate	Run Validation	2026-02-09T02:15:20.3615901Z go: downloading github.com/domodwyer/mailyak/v3 v3.6.2
validate	Run Validation	2026-02-09T02:15:20.3726546Z go: downloading github.com/ganigeorgiev/fexpr v0.5.0
validate	Run Validation	2026-02-09T02:15:20.3999524Z go: downloading github.com/dlclark/regexp2 v1.11.5
validate	Run Validation	2026-02-09T02:15:20.6064925Z go: downloading github.com/google/pprof v0.0.0-20260115054156-294ebfa9ad83
validate	Run Validation	2026-02-09T02:15:20.6734082Z go: downloading golang.org/x/text v0.33.0
validate	Run Validation	2026-02-09T02:15:21.2517350Z go: downloading github.com/dop251/base64dec v0.0.0-20231022112746-c6c9f9a96217
validate	Run Validation	2026-02-09T02:15:21.2529953Z go: downloading golang.org/x/sys v0.40.0
validate	Run Validation	2026-02-09T02:15:21.2611356Z go: downloading github.com/go-sourcemap/sourcemap v2.1.4+incompatible
validate	Run Validation	2026-02-09T02:15:22.8255518Z go: downloading modernc.org/libc v1.67.6
validate	Run Validation	2026-02-09T02:15:24.1618615Z go: downloading github.com/dustin/go-humanize v1.0.1
validate	Run Validation	2026-02-09T02:15:24.1621747Z go: downloading modernc.org/mathutil v1.7.1
validate	Run Validation	2026-02-09T02:15:24.1622362Z go: downloading golang.org/x/exp v0.0.0-20260112195511-716be5621a96
validate	Run Validation	2026-02-09T02:15:24.1622975Z go: downloading github.com/google/uuid v1.6.0
validate	Run Validation	2026-02-09T02:15:24.1768378Z go: downloading modernc.org/memory v1.11.0
validate	Run Validation	2026-02-09T02:15:24.1878395Z go: downloading github.com/remyoudompheng/bigfft v0.0.0-20230129092748-24d4a6f8daec
validate	Run Validation	2026-02-09T02:15:24.3516541Z âœ“ Format check passed
validate	Run Validation	2026-02-09T02:15:24.3516858Z 
validate	Run Validation	2026-02-09T02:15:24.3544290Z DEBUG: golangci-lint path: /nix/store/kj9ibnlg1p3macpcw8lm4rhpcwgfjal1-golangci-lint-2.8.0/bin/golangci-lint
validate	Run Validation	2026-02-09T02:15:24.4646496Z DEBUG: golangci-lint version: golangci-lint has version 2.8.0 built with go1.25.5 from v2.8.0 on 1970-01-01T00:00:00Z
validate	Run Validation	2026-02-09T02:15:24.4647427Z DEBUG: Available linters:
validate	Run Validation	2026-02-09T02:15:24.5788205Z Enabled by default linters:
validate	Run Validation	2026-02-09T02:15:24.5789368Z errcheck: Errcheck is a program for checking for unchecked errors in Go code. These unchecked errors can be critical bugs in some cases.
validate	Run Validation	2026-02-09T02:15:24.5790887Z govet: Vet examines Go source code and reports suspicious constructs. It is roughly the same as 'go vet' and uses its passes. [auto-fix]
validate	Run Validation	2026-02-09T02:15:24.5793368Z ineffassign: Detects when assignments to existing variables are not used. [fast]
validate	Run Validation	2026-02-09T02:15:24.5794145Z staticcheck: It's the set of rules from staticcheck. [auto-fix]
validate	Run Validation	2026-02-09T02:15:24.5794867Z unused: Checks Go code for unused constants, variables, functions and types.
validate	Run Validation	2026-02-09T02:15:24.5795222Z 
validate	Run Validation	2026-02-09T02:15:24.5795309Z Disabled by default linters:
validate	Run Validation	2026-02-09T02:15:24.5795604Z arangolint: Opinionated best practices for arangodb client.
validate	Run Validation	2026-02-09T02:15:24.5795994Z asasalint: Check for pass []any as any in variadic func(...any).
validate	Run Validation	2026-02-09T02:15:24.5796478Z asciicheck: Checks that all code identifiers does not have non-ASCII symbols in the name. [fast]
validate	Run Validation	2026-02-09T02:15:24.5796975Z bidichk: Checks for dangerous unicode character sequences. [fast]
validate	Run Validation	2026-02-09T02:15:24.5797402Z bodyclose: Checks whether HTTP response body is closed successfully.
validate	Run Validation	2026-02-09T02:15:24.5797923Z canonicalheader: Canonicalheader checks whether net/http.Header uses canonical header. [auto-fix]
validate	Run Validation	2026-02-09T02:15:24.5798533Z containedctx: Containedctx is a linter that detects struct contained context.Context field.
validate	Run Validation	2026-02-09T02:15:24.5799045Z contextcheck: Check whether the function uses a non-inherited context.
validate	Run Validation	2026-02-09T02:15:24.5799798Z copyloopvar: A linter detects places where loop variables are copied. [fast, auto-fix]
validate	Run Validation	2026-02-09T02:15:24.5800278Z cyclop: Checks function and package cyclomatic complexity. [fast]
validate	Run Validation	2026-02-09T02:15:24.5800766Z decorder: Check declaration order and count of types, constants, variables and functions. [fast]
validate	Run Validation	2026-02-09T02:15:24.5801353Z depguard: Go linter that checks if package imports are in a list of acceptable packages. [fast]
validate	Run Validation	2026-02-09T02:15:24.5801921Z dogsled: Checks assignments with too many blank identifiers (e.g. x, _, _, _, := f()). [fast]
validate	Run Validation	2026-02-09T02:15:24.5802678Z dupl: Detects duplicate fragments of code. [fast]
validate	Run Validation	2026-02-09T02:15:24.5803052Z dupword: Checks for duplicate words in the source code. [fast, auto-fix]
validate	Run Validation	2026-02-09T02:15:24.5803595Z durationcheck: Check for two durations multiplied together.
validate	Run Validation	2026-02-09T02:15:24.5804356Z embeddedstructfieldcheck: Embedded types should be at the top of the field list of a struct, and there must be an empty line separating embedded fields from regular fields. [fast]
validate	Run Validation	2026-02-09T02:15:24.5805071Z err113: Check errors handling expressions. [auto-fix]
validate	Run Validation	2026-02-09T02:15:24.5805784Z errchkjson: Checks types passed to the json encoding functions. Reports unsupported types and reports occurrences where the check for the returned error can be omitted.
validate	Run Validation	2026-02-09T02:15:24.5806703Z errname: Checks that sentinel errors are prefixed with the `Err` and error types are suffixed with the `Error`.
validate	Run Validation	2026-02-09T02:15:24.5807399Z errorlint: Find code that can cause problems with the error wrapping scheme introduced in Go 1.13. [auto-fix]
validate	Run Validation	2026-02-09T02:15:24.5807933Z exhaustive: Check exhaustiveness of enum switch statements.
validate	Run Validation	2026-02-09T02:15:24.5808348Z exhaustruct: Checks if all structure fields are initialized.
validate	Run Validation	2026-02-09T02:15:24.5808853Z exptostd: Detects functions from golang.org/x/exp/ that can be replaced by std functions. [auto-fix]
validate	Run Validation	2026-02-09T02:15:24.5809624Z fatcontext: Detects nested contexts in loops and function literals. [auto-fix]
validate	Run Validation	2026-02-09T02:15:24.5810011Z forbidigo: Forbids identifiers.
validate	Run Validation	2026-02-09T02:15:24.5810265Z forcetypeassert: Find forced type assertions.
validate	Run Validation	2026-02-09T02:15:24.5810641Z funcorder: Checks the order of functions, methods, and constructors. [fast]
validate	Run Validation	2026-02-09T02:15:24.5811015Z funlen: Checks for long functions. [fast]
validate	Run Validation	2026-02-09T02:15:24.5811366Z ginkgolinter: Enforces standards of using ginkgo and gomega. [auto-fix]
validate	Run Validation	2026-02-09T02:15:24.5811892Z gocheckcompilerdirectives: Checks that go compiler directive comments (//go:) are valid. [fast]
validate	Run Validation	2026-02-09T02:15:24.5812386Z gochecknoglobals: Check that no global variables exist.
validate	Run Validation	2026-02-09T02:15:24.5812793Z gochecknoinits: Checks that no init functions are present in Go code. [fast]
validate	Run Validation	2026-02-09T02:15:24.5813240Z gochecksumtype: Run exhaustiveness checks on Go "sum types".
validate	Run Validation	2026-02-09T02:15:24.5813661Z gocognit: Computes and checks the cognitive complexity of functions. [fast]
validate	Run Validation	2026-02-09T02:15:24.5814103Z goconst: Finds repeated strings that could be replaced by a constant.
validate	Run Validation	2026-02-09T02:15:24.5814600Z gocritic: Provides diagnostics that check for bugs, performance and style issues. [auto-fix]
validate	Run Validation	2026-02-09T02:15:24.5815117Z gocyclo: Computes and checks the cyclomatic complexity of functions. [fast]
validate	Run Validation	2026-02-09T02:15:24.5815554Z godoclint: Checks Golang's documentation practice (godoc). [fast]
validate	Run Validation	2026-02-09T02:15:24.5815936Z godot: Check if comments end in a period. [fast, auto-fix]
validate	Run Validation	2026-02-09T02:15:24.5816334Z godox: Detects usage of FIXME, TODO and other keywords inside comments. [fast]
validate	Run Validation	2026-02-09T02:15:24.5816782Z goheader: Check if file header matches to pattern. [fast, auto-fix]
validate	Run Validation	2026-02-09T02:15:24.5817284Z gomoddirectives: Manage the use of 'replace', 'retract', and 'excludes' directives in go.mod. [fast]
validate	Run Validation	2026-02-09T02:15:24.5818270Z gomodguard: Allow and blocklist linter for direct Go module dependencies. This is different from depguard where there are different block types for example version constraints and module recommendations. [fast]
validate	Run Validation	2026-02-09T02:15:24.5819413Z goprintffuncname: Checks that printf-like functions are named with `f` at the end. [fast]
validate	Run Validation	2026-02-09T02:15:24.5819865Z gosec: Inspects source code for security problems.
validate	Run Validation	2026-02-09T02:15:24.5820258Z gosmopolitan: Report certain i18n/l10n anti-patterns in your Go codebase.
validate	Run Validation	2026-02-09T02:15:24.5820629Z grouper: Analyze expression groups. [fast]
validate	Run Validation	2026-02-09T02:15:24.5821080Z iface: Detect the incorrect use of interfaces, helping developers avoid interface pollution. [auto-fix]
validate	Run Validation	2026-02-09T02:15:24.5821582Z importas: Enforces consistent import aliases. [auto-fix]
validate	Run Validation	2026-02-09T02:15:24.5822127Z inamedparam: Reports interfaces with unnamed method parameters. [fast]
validate	Run Validation	2026-02-09T02:15:24.5822612Z interfacebloat: A linter that checks the number of methods inside an interface. [fast]
validate	Run Validation	2026-02-09T02:15:24.5823392Z intrange: Intrange is a linter to find places where for loops could make use of an integer range. [auto-fix]
validate	Run Validation	2026-02-09T02:15:24.5824015Z iotamixing: Checks if iotas are being used in const blocks with other non-iota declarations. [fast]
validate	Run Validation	2026-02-09T02:15:24.5824474Z ireturn: Accept Interfaces, Return Concrete Types.
validate	Run Validation	2026-02-09T02:15:24.5824754Z lll: Reports long lines. [fast]
validate	Run Validation	2026-02-09T02:15:24.5825148Z loggercheck: Checks key value pairs for common logger libraries (kitlog,klog,logr,slog,zap).
validate	Run Validation	2026-02-09T02:15:24.5825687Z maintidx: Maintidx measures the maintainability index of each function. [fast]
validate	Run Validation	2026-02-09T02:15:24.5826124Z makezero: Find slice declarations with non-zero initial length.
validate	Run Validation	2026-02-09T02:15:24.5826547Z mirror: Reports wrong mirror patterns of bytes/strings usage. [auto-fix]
validate	Run Validation	2026-02-09T02:15:24.5826984Z misspell: Finds commonly misspelled English words. [fast, auto-fix]
validate	Run Validation	2026-02-09T02:15:24.5827339Z mnd: An analyzer to detect magic numbers. [fast]
validate	Run Validation	2026-02-09T02:15:24.5827858Z modernize: A suite of analyzers that suggest simplifications to Go code, using modern language and library features.
validate	Run Validation	2026-02-09T02:15:24.5828383Z musttag: Enforce field tags in (un)marshaled structs.
validate	Run Validation	2026-02-09T02:15:24.5828905Z nakedret: Checks that functions with naked returns are not longer than a maximum size (can be zero). [fast, auto-fix]
validate	Run Validation	2026-02-09T02:15:24.5829606Z nestif: Reports deeply nested if statements. [fast]
validate	Run Validation	2026-02-09T02:15:24.5830002Z nilerr: Find the code that returns nil even if it checks that the error is not nil.
validate	Run Validation	2026-02-09T02:15:24.5830565Z nilnesserr: Reports constructs that checks for err != nil, but returns a different nil value error.
validate	Run Validation	2026-02-09T02:15:24.5831138Z nilnil: Checks that there is no simultaneous return of `nil` error and an invalid value.
validate	Run Validation	2026-02-09T02:15:24.5831736Z nlreturn: Checks for a new line before return and branch statements to increase code clarity. [fast, auto-fix]
validate	Run Validation	2026-02-09T02:15:24.5832308Z noctx: Detects function and method with missing usage of context.Context.
validate	Run Validation	2026-02-09T02:15:24.5832772Z noinlineerr: Disallows inline error handling (`if err := ...; err != nil {`).
validate	Run Validation	2026-02-09T02:15:24.5833267Z nolintlint: Reports ill-formed or insufficient nolint directives. [fast, auto-fix]
validate	Run Validation	2026-02-09T02:15:24.5833663Z nonamedreturns: Reports all named returns.
validate	Run Validation	2026-02-09T02:15:24.5834089Z nosprintfhostport: Checks for misuse of Sprintf to construct a host with port in a URL. [fast]
validate	Run Validation	2026-02-09T02:15:24.5834620Z paralleltest: Detects missing usage of t.Parallel() method in your Go test.
validate	Run Validation	2026-02-09T02:15:24.5835130Z perfsprint: Checks that fmt.Sprintf can be replaced with a faster alternative. [auto-fix]
validate	Run Validation	2026-02-09T02:15:24.5835672Z prealloc: Find slice declarations that could potentially be pre-allocated. [fast]
validate	Run Validation	2026-02-09T02:15:24.5836284Z predeclared: Find code that shadows one of Go's predeclared identifiers. [fast]
validate	Run Validation	2026-02-09T02:15:24.5837057Z promlinter: Check Prometheus metrics naming via promlint. [fast]
validate	Run Validation	2026-02-09T02:15:24.5838011Z protogetter: Reports direct reads from proto message fields when getters should be used. [auto-fix]
validate	Run Validation	2026-02-09T02:15:24.5838897Z reassign: Checks that package variables are not reassigned.
validate	Run Validation	2026-02-09T02:15:24.5839635Z recvcheck: Checks for receiver type consistency.
validate	Run Validation	2026-02-09T02:15:24.5840567Z revive: Fast, configurable, extensible, flexible, and beautiful linter for Go. Drop-in replacement of golint. [auto-fix]
validate	Run Validation	2026-02-09T02:15:24.5841626Z rowserrcheck: Checks whether Rows.Err of rows is checked successfully.
validate	Run Validation	2026-02-09T02:15:24.5842392Z sloglint: Ensure consistent code style when using log/slog. [auto-fix]
validate	Run Validation	2026-02-09T02:15:24.5843118Z spancheck: Checks for mistakes with OpenTelemetry/Census spans.
validate	Run Validation	2026-02-09T02:15:24.5843920Z sqlclosecheck: Checks that sql.Rows, sql.Stmt, sqlx.NamedStmt, pgx.Query are closed.
validate	Run Validation	2026-02-09T02:15:24.5844740Z tagalign: Check that struct tags are well aligned. [fast, auto-fix]
validate	Run Validation	2026-02-09T02:15:24.5845554Z tagliatelle: Checks the struct tags.
validate	Run Validation	2026-02-09T02:15:24.5846417Z testableexamples: Linter checks if examples are testable (have an expected output). [fast]
validate	Run Validation	2026-02-09T02:15:24.5847299Z testifylint: Checks usage of github.com/stretchr/testify. [auto-fix]
validate	Run Validation	2026-02-09T02:15:24.5848055Z testpackage: Linter that makes you use a separate _test package. [fast]
validate	Run Validation	2026-02-09T02:15:24.5848895Z thelper: Thelper detects tests helpers which do not start with the t.Helper() method.
validate	Run Validation	2026-02-09T02:15:24.5850052Z tparallel: Tparallel detects inappropriate usage of t.Parallel() method in your Go test codes.
validate	Run Validation	2026-02-09T02:15:24.5850916Z unconvert: Remove unnecessary type conversions.
validate	Run Validation	2026-02-09T02:15:24.5851473Z unparam: Reports unused function parameters.
validate	Run Validation	2026-02-09T02:15:24.5852565Z unqueryvet: Detects SELECT * in SQL queries and SQL builders, preventing performance issues and encouraging explicit column selection. [fast]
validate	Run Validation	2026-02-09T02:15:24.5854185Z usestdlibvars: A linter that detect the possibility to use variables/constants from the Go standard library. [fast, auto-fix]
validate	Run Validation	2026-02-09T02:15:24.5855509Z usetesting: Reports uses of functions with replacement inside the testing package. [auto-fix]
validate	Run Validation	2026-02-09T02:15:24.5856492Z varnamelen: Checks that the length of a variable's name matches its scope.
validate	Run Validation	2026-02-09T02:15:24.5857216Z wastedassign: Finds wasted assignment statements.
validate	Run Validation	2026-02-09T02:15:24.5858242Z whitespace: Whitespace is a linter that checks for unnecessary newlines at the start and end of functions, if, for, etc. [fast, auto-fix]
validate	Run Validation	2026-02-09T02:15:24.5859864Z wrapcheck: Checks that errors returned from external packages are wrapped.
validate	Run Validation	2026-02-09T02:15:24.5860518Z wsl_v5: Add or remove empty lines. [auto-fix]
validate	Run Validation	2026-02-09T02:15:24.5861363Z zerologlint: Detects the wrong usage of `zerolog` that a user forgets to dispatch with `Send` or `Msg`.
validate	Run Validation	2026-02-09T02:15:24.5862303Z wsl [deprecated]: Add or remove empty lines. [fast, auto-fix]
validate	Run Validation	2026-02-09T02:16:15.0383067Z agent/cmd/prompt.go:24:5: use of `fmt.Println` forbidden by pattern `^(fmt\.Print(|f|ln)|print|println)$` (forbidigo)
validate	Run Validation	2026-02-09T02:16:15.0384403Z 				fmt.Println("Usage: agent prompt orchestrator <goal>")
validate	Run Validation	2026-02-09T02:16:15.0385041Z 				^
validate	Run Validation	2026-02-09T02:16:15.0385921Z agent/cmd/prompt.go:28:4: use of `fmt.Println` forbidden by pattern `^(fmt\.Print(|f|ln)|print|println)$` (forbidigo)
validate	Run Validation	2026-02-09T02:16:15.0387098Z 			fmt.Println(prompts.GetOrchestratorPrompt(goal))
validate	Run Validation	2026-02-09T02:16:15.0387689Z 			^
validate	Run Validation	2026-02-09T02:16:15.0388525Z agent/cmd/prompt.go:32:5: use of `fmt.Println` forbidden by pattern `^(fmt\.Print(|f|ln)|print|println)$` (forbidigo)
validate	Run Validation	2026-02-09T02:16:15.0389939Z 				fmt.Println("Usage: agent prompt critic <session_id>")
validate	Run Validation	2026-02-09T02:16:15.0390509Z 				^
validate	Run Validation	2026-02-09T02:16:15.0391084Z agent/cmd/prompt.go:39:5: use of `fmt.Printf` forbidden by pattern `^(fmt\.Print(|f|ln)|print|println)$` (forbidigo)
validate	Run Validation	2026-02-09T02:16:15.0391718Z 				fmt.Printf("Error retrieving session logs: %v\n", err)
validate	Run Validation	2026-02-09T02:16:15.0392070Z 				^
validate	Run Validation	2026-02-09T02:16:15.0392523Z agent/cmd/prompt.go:52:4: use of `fmt.Printf` forbidden by pattern `^(fmt\.Print(|f|ln)|print|println)$` (forbidigo)
validate	Run Validation	2026-02-09T02:16:15.0393238Z 			fmt.Printf("Unknown role: %s. Valid roles: orchestrator, critic\n", role)
validate	Run Validation	2026-02-09T02:16:15.0393648Z 			^
validate	Run Validation	2026-02-09T02:16:15.0394031Z agent/internal/log/log.go:67:12: G301: Expect directory permissions to be 0750 or less (gosec)
validate	Run Validation	2026-02-09T02:16:15.0394594Z 	if err := os.MkdirAll(filepath.Dir(path), 0755); err != nil {
validate	Run Validation	2026-02-09T02:16:15.0394942Z 	          ^
validate	Run Validation	2026-02-09T02:16:15.0395308Z agent/internal/log/log.go:102:15: G304: Potential file inclusion via variable (gosec)
validate	Run Validation	2026-02-09T02:16:15.0395769Z 	data, err := os.ReadFile(path)
validate	Run Validation	2026-02-09T02:16:15.0396022Z 	             ^
validate	Run Validation	2026-02-09T02:16:15.0396379Z agent/internal/log/log.go:142:15: G304: Potential file inclusion via variable (gosec)
validate	Run Validation	2026-02-09T02:16:15.0396838Z 	data, err := os.ReadFile(path)
validate	Run Validation	2026-02-09T02:16:15.0397080Z 	             ^
validate	Run Validation	2026-02-09T02:16:15.0397746Z agent/internal/memory/memory.go:47:15: G304: Potential file inclusion via variable (gosec)
validate	Run Validation	2026-02-09T02:16:15.0398382Z 	data, err := os.ReadFile(path)
validate	Run Validation	2026-02-09T02:16:15.0398634Z 	             ^
validate	Run Validation	2026-02-09T02:16:15.0399258Z agent/internal/memory/memory.go:87:12: G301: Expect directory permissions to be 0750 or less (gosec)
validate	Run Validation	2026-02-09T02:16:15.0399849Z 	if err := os.MkdirAll(s.DataDir, 0755); err != nil {
validate	Run Validation	2026-02-09T02:16:15.0400167Z 	          ^
validate	Run Validation	2026-02-09T02:16:15.0400619Z agent/cmd/root.go:18:1: exported: exported function Execute should have comment or be unexported (revive)
validate	Run Validation	2026-02-09T02:16:15.0401168Z func Execute() {
validate	Run Validation	2026-02-09T02:16:15.0401365Z ^
validate	Run Validation	2026-02-09T02:16:15.0401701Z agent/internal/git/git.go:1:1: package-comments: should have a package comment (revive)
validate	Run Validation	2026-02-09T02:16:15.0402104Z package git
validate	Run Validation	2026-02-09T02:16:15.0402259Z ^
validate	Run Validation	2026-02-09T02:16:15.0402553Z agent/internal/log/log.go:1:1: package-comments: should have a package comment (revive)
validate	Run Validation	2026-02-09T02:16:15.0402940Z package log
validate	Run Validation	2026-02-09T02:16:15.0403094Z ^
validate	Run Validation	2026-02-09T02:16:15.0403432Z agent/internal/prompts/templates.go:1:1: package-comments: should have a package comment (revive)
validate	Run Validation	2026-02-09T02:16:15.0403873Z package prompts
validate	Run Validation	2026-02-09T02:16:15.0404035Z ^
validate	Run Validation	2026-02-09T02:16:15.0404490Z agent/internal/prompts/templates.go:7:7: exported: exported const OrchestratorPrompt should have comment or be unexported (revive)
validate	Run Validation	2026-02-09T02:16:15.0405037Z const OrchestratorPrompt = `
validate	Run Validation	2026-02-09T02:16:15.0405245Z       ^
validate	Run Validation	2026-02-09T02:16:15.0405675Z agent/internal/prompts/templates.go:36:7: exported: exported const CriticPrompt should have comment or be unexported (revive)
validate	Run Validation	2026-02-09T02:16:15.0406189Z const CriticPrompt = `
validate	Run Validation	2026-02-09T02:16:15.0406376Z       ^
validate	Run Validation	2026-02-09T02:16:15.0406856Z agent/internal/prompts/templates.go:72:1: exported: exported function GetOrchestratorPrompt should have comment or be unexported (revive)
validate	Run Validation	2026-02-09T02:16:15.0407460Z func GetOrchestratorPrompt(goal string) string {
validate	Run Validation	2026-02-09T02:16:15.0407719Z ^
validate	Run Validation	2026-02-09T02:16:15.0408175Z agent/internal/prompts/templates.go:76:1: exported: exported function GetCriticPrompt should have comment or be unexported (revive)
validate	Run Validation	2026-02-09T02:16:15.0408737Z func GetCriticPrompt(logs string) string {
validate	Run Validation	2026-02-09T02:16:15.0408978Z ^
validate	Run Validation	2026-02-09T02:16:15.0409601Z providers/drinbz.go:27:1: exported: exported method DrinbzProvider.SourceName should have comment or be unexported (revive)
validate	Run Validation	2026-02-09T02:16:15.0410147Z func (p *DrinbzProvider) SourceName() string {
validate	Run Validation	2026-02-09T02:16:15.0410393Z ^
validate	Run Validation	2026-02-09T02:16:15.0410817Z providers/drinbz.go:45:1: exported: exported method DrinbzProvider.FetchEvents should have comment or be unexported (revive)
validate	Run Validation	2026-02-09T02:16:15.0411455Z func (p *DrinbzProvider) FetchEvents(ctx context.Context) ([]RawEvent, error) {
validate	Run Validation	2026-02-09T02:16:15.0411801Z ^
validate	Run Validation	2026-02-09T02:16:15.0412216Z providers/drinbz.go:93:1: exported: exported method DrinbzProvider.MapEvent should have comment or be unexported (revive)
validate	Run Validation	2026-02-09T02:16:15.0412777Z func (p *DrinbzProvider) MapEvent(raw RawEvent) *Event {
validate	Run Validation	2026-02-09T02:16:15.0413054Z ^
validate	Run Validation	2026-02-09T02:16:15.0413460Z providers/museion.go:22:1: exported: exported function NewMuseionProvider should have comment or be unexported (revive)
validate	Run Validation	2026-02-09T02:16:15.0413990Z func NewMuseionProvider() *MuseionProvider {
validate	Run Validation	2026-02-09T02:16:15.0414240Z ^
validate	Run Validation	2026-02-09T02:16:15.0414691Z providers/museion.go:29:1: exported: exported method MuseionProvider.SourceName should have comment or be unexported (revive)
validate	Run Validation	2026-02-09T02:16:15.0415234Z func (p *MuseionProvider) SourceName() string {
validate	Run Validation	2026-02-09T02:16:15.0433441Z ^
validate	Run Validation	2026-02-09T02:16:15.0433990Z providers/museion.go:33:1: exported: exported method MuseionProvider.FetchEvents should have comment or be unexported (revive)
validate	Run Validation	2026-02-09T02:16:15.0434698Z func (p *MuseionProvider) FetchEvents(ctx context.Context) ([]RawEvent, error) {
validate	Run Validation	2026-02-09T02:16:15.0435067Z ^
validate	Run Validation	2026-02-09T02:16:15.0435512Z providers/museion.go:91:1: exported: exported method MuseionProvider.MapEvent should have comment or be unexported (revive)
validate	Run Validation	2026-02-09T02:16:15.0436330Z func (p *MuseionProvider) MapEvent(raw RawEvent) *Event {
validate	Run Validation	2026-02-09T02:16:15.0436624Z ^
validate	Run Validation	2026-02-09T02:16:15.0437160Z providers/noi.go:19:1: exported: exported function NewNOIProvider should have comment or be unexported (revive)
validate	Run Validation	2026-02-09T02:16:15.0437667Z func NewNOIProvider() *NOIProvider {
validate	Run Validation	2026-02-09T02:16:15.0437896Z ^
validate	Run Validation	2026-02-09T02:16:15.0438305Z providers/noi.go:26:1: exported: exported method NOIProvider.SourceName should have comment or be unexported (revive)
validate	Run Validation	2026-02-09T02:16:15.0438828Z func (p *NOIProvider) SourceName() string {
validate	Run Validation	2026-02-09T02:16:15.0439275Z ^
validate	Run Validation	2026-02-09T02:16:15.0439704Z providers/noi.go:30:1: exported: exported method NOIProvider.FetchEvents should have comment or be unexported (revive)
validate	Run Validation	2026-02-09T02:16:15.0440314Z func (p *NOIProvider) FetchEvents(ctx context.Context) ([]RawEvent, error) {
validate	Run Validation	2026-02-09T02:16:15.0440648Z ^
validate	Run Validation	2026-02-09T02:16:15.0441051Z providers/unibz.go:22:1: exported: exported function NewUnibzProvider should have comment or be unexported (revive)
validate	Run Validation	2026-02-09T02:16:15.0441565Z func NewUnibzProvider() *UnibzProvider {
validate	Run Validation	2026-02-09T02:16:15.0441805Z ^
validate	Run Validation	2026-02-09T02:16:15.0442240Z providers/unibz.go:29:1: exported: exported method UnibzProvider.SourceName should have comment or be unexported (revive)
validate	Run Validation	2026-02-09T02:16:15.0442783Z func (p *UnibzProvider) SourceName() string {
validate	Run Validation	2026-02-09T02:16:15.0443033Z ^
validate	Run Validation	2026-02-09T02:16:15.0443449Z providers/unibz.go:33:1: exported: exported method UnibzProvider.FetchEvents should have comment or be unexported (revive)
validate	Run Validation	2026-02-09T02:16:15.0444072Z func (p *UnibzProvider) FetchEvents(ctx context.Context) ([]RawEvent, error) {
validate	Run Validation	2026-02-09T02:16:15.0444416Z ^
validate	Run Validation	2026-02-09T02:16:15.0444825Z providers/unibz.go:107:1: exported: exported method UnibzProvider.MapEvent should have comment or be unexported (revive)
validate	Run Validation	2026-02-09T02:16:15.0445373Z func (p *UnibzProvider) MapEvent(raw RawEvent) *Event {
validate	Run Validation	2026-02-09T02:16:15.0445645Z ^
validate	Run Validation	2026-02-09T02:16:15.0445783Z 32 issues:
validate	Run Validation	2026-02-09T02:16:15.0445943Z * forbidigo: 5
validate	Run Validation	2026-02-09T02:16:15.0446111Z * gosec: 5
validate	Run Validation	2026-02-09T02:16:15.0446259Z * revive: 22
validate	Run Validation	2026-02-09T02:16:15.0861202Z ##[error]Process completed with exit code 1.
validate	Post Run actions/checkout@v4	ï»¿2026-02-09T02:16:15.0969504Z Post job cleanup.
validate	Post Run actions/checkout@v4	2026-02-09T02:16:15.1913119Z [command]/usr/bin/git version
validate	Post Run actions/checkout@v4	2026-02-09T02:16:15.1948666Z git version 2.52.0
validate	Post Run actions/checkout@v4	2026-02-09T02:16:15.2000007Z Temporarily overriding HOME='/home/runner/work/_temp/ed2f3bea-60d4-489a-b970-3bb2a41757c1' before making global git config changes
validate	Post Run actions/checkout@v4	2026-02-09T02:16:15.2001341Z Adding repository directory to the temporary git global config as a safe directory
validate	Post Run actions/checkout@v4	2026-02-09T02:16:15.2005969Z [command]/usr/bin/git config --global --add safe.directory /home/runner/work/venvi/venvi
validate	Post Run actions/checkout@v4	2026-02-09T02:16:15.2040702Z [command]/usr/bin/git config --local --name-only --get-regexp core\.sshCommand
validate	Post Run actions/checkout@v4	2026-02-09T02:16:15.2073799Z [command]/usr/bin/git submodule foreach --recursive sh -c "git config --local --name-only --get-regexp 'core\.sshCommand' && git config --local --unset-all 'core.sshCommand' || :"
validate	Post Run actions/checkout@v4	2026-02-09T02:16:15.2303536Z [command]/usr/bin/git config --local --name-only --get-regexp http\.https\:\/\/github\.com\/\.extraheader
validate	Post Run actions/checkout@v4	2026-02-09T02:16:15.2324589Z http.https://github.com/.extraheader
validate	Post Run actions/checkout@v4	2026-02-09T02:16:15.2337114Z [command]/usr/bin/git config --local --unset-all http.https://github.com/.extraheader
validate	Post Run actions/checkout@v4	2026-02-09T02:16:15.2368520Z [command]/usr/bin/git submodule foreach --recursive sh -c "git config --local --name-only --get-regexp 'http\.https\:\/\/github\.com\/\.extraheader' && git config --local --unset-all 'http.https://github.com/.extraheader' || :"
validate	Post Run actions/checkout@v4	2026-02-09T02:16:15.2589912Z [command]/usr/bin/git config --local --name-only --get-regexp ^includeIf\.gitdir:
validate	Post Run actions/checkout@v4	2026-02-09T02:16:15.2620158Z [command]/usr/bin/git submodule foreach --recursive git config --local --show-origin --name-only --get-regexp remote.origin.url
validate	Complete job	ï»¿2026-02-09T02:16:15.2953579Z Cleaning up orphan processes
